Component: ARM Compiler 5.06 update 6 (build 750) Tool: armlink [4d35ed]

==============================================================================

Section Cross References

    startup_stm32f103xe.o(RESET) refers to startup_stm32f103xe.o(STACK) for __initial_sp
    startup_stm32f103xe.o(RESET) refers to startup_stm32f103xe.o(.text) for Reset_Handler
    startup_stm32f103xe.o(RESET) refers to stm32f1xx_it.o(i.NMI_Handler) for NMI_Handler
    startup_stm32f103xe.o(RESET) refers to stm32f1xx_it.o(i.HardFault_Handler) for HardFault_Handler
    startup_stm32f103xe.o(RESET) refers to stm32f1xx_it.o(i.MemManage_Handler) for MemManage_Handler
    startup_stm32f103xe.o(RESET) refers to stm32f1xx_it.o(i.BusFault_Handler) for BusFault_Handler
    startup_stm32f103xe.o(RESET) refers to stm32f1xx_it.o(i.UsageFault_Handler) for UsageFault_Handler
    startup_stm32f103xe.o(RESET) refers to stm32f1xx_it.o(i.SVC_Handler) for SVC_Handler
    startup_stm32f103xe.o(RESET) refers to stm32f1xx_it.o(i.DebugMon_Handler) for DebugMon_Handler
    startup_stm32f103xe.o(RESET) refers to stm32f1xx_it.o(i.PendSV_Handler) for PendSV_Handler
    startup_stm32f103xe.o(RESET) refers to stm32f1xx_it.o(i.SysTick_Handler) for SysTick_Handler
    startup_stm32f103xe.o(RESET) refers to stm32f1xx_it.o(i.EXTI2_IRQHandler) for EXTI2_IRQHandler
    startup_stm32f103xe.o(RESET) refers to stm32f1xx_it.o(i.USB_LP_CAN1_RX0_IRQHandler) for USB_LP_CAN1_RX0_IRQHandler
    startup_stm32f103xe.o(.text) refers to system_stm32f1xx.o(i.SystemInit) for SystemInit
    startup_stm32f103xe.o(.text) refers to entry.o(.ARM.Collect$$$$00000000) for __main
    pn532.o(i.PN532_CallFunction) refers to pn532.o(i.PN532_WriteFrame) for PN532_WriteFrame
    pn532.o(i.PN532_CallFunction) refers to pn532.o(i.PN532_ReadFrame) for PN532_ReadFrame
    pn532.o(i.PN532_CallFunction) refers to pn532.o(.constdata) for .constdata
    pn532.o(i.PN532_GetFirmwareVersion) refers to pn532.o(i.PN532_CallFunction) for PN532_CallFunction
    pn532.o(i.PN532_MifareClassicAuthenticateBlock) refers to pn532.o(i.PN532_CallFunction) for PN532_CallFunction
    pn532.o(i.PN532_MifareClassicReadBlock) refers to pn532.o(i.PN532_CallFunction) for PN532_CallFunction
    pn532.o(i.PN532_MifareClassicWriteBlock) refers to pn532.o(i.PN532_CallFunction) for PN532_CallFunction
    pn532.o(i.PN532_ReadGpio) refers to pn532.o(i.PN532_CallFunction) for PN532_CallFunction
    pn532.o(i.PN532_ReadGpioI) refers to pn532.o(i.PN532_CallFunction) for PN532_CallFunction
    pn532.o(i.PN532_ReadGpioP) refers to pn532.o(i.PN532_CallFunction) for PN532_CallFunction
    pn532.o(i.PN532_ReadPassiveTarget) refers to pn532.o(i.PN532_CallFunction) for PN532_CallFunction
    pn532.o(i.PN532_SamConfiguration) refers to pn532.o(i.PN532_CallFunction) for PN532_CallFunction
    pn532.o(i.PN532_WriteGpio) refers to pn532.o(i.PN532_CallFunction) for PN532_CallFunction
    pn532.o(i.PN532_WriteGpioP) refers to pn532.o(i.PN532_ReadGpio) for PN532_ReadGpio
    pn532.o(i.PN532_WriteGpioP) refers to pn532.o(i.PN532_CallFunction) for PN532_CallFunction
    pn532_stm32f1.o(i.PN532_Init) refers to pn532_stm32f1.o(i.PN532_Wakeup) for PN532_Wakeup
    pn532_stm32f1.o(i.PN532_Init) refers to pn532_stm32f1.o(i.PN532_Reset) for PN532_Reset
    pn532_stm32f1.o(i.PN532_Init) refers to pn532_stm32f1.o(i.PN532_ReadData) for PN532_ReadData
    pn532_stm32f1.o(i.PN532_Init) refers to pn532_stm32f1.o(i.PN532_WriteData) for PN532_WriteData
    pn532_stm32f1.o(i.PN532_Init) refers to pn532_stm32f1.o(i.PN532_WaitReady) for PN532_WaitReady
    pn532_stm32f1.o(i.PN532_Init) refers to pn532_stm32f1.o(i.PN532_Log) for PN532_Log
    pn532_stm32f1.o(i.PN532_Log) refers to printf8.o(i.__0printf$8) for __2printf
    pn532_stm32f1.o(i.PN532_ReadData) refers to malloc.o(i.malloc) for malloc
    pn532_stm32f1.o(i.PN532_ReadData) refers to stm32f1xx_hal.o(i.HAL_Delay) for HAL_Delay
    pn532_stm32f1.o(i.PN532_ReadData) refers to pn532_stm32f1.o(i.spi_rw) for spi_rw
    pn532_stm32f1.o(i.PN532_ReadData) refers to malloc.o(i.free) for free
    pn532_stm32f1.o(i.PN532_WaitReady) refers to stm32f1xx_hal.o(i.HAL_GetTick) for HAL_GetTick
    pn532_stm32f1.o(i.PN532_WaitReady) refers to stm32f1xx_hal.o(i.HAL_Delay) for HAL_Delay
    pn532_stm32f1.o(i.PN532_WaitReady) refers to pn532_stm32f1.o(i.spi_rw) for spi_rw
    pn532_stm32f1.o(i.PN532_Wakeup) refers to stm32f1xx_hal.o(i.HAL_Delay) for HAL_Delay
    pn532_stm32f1.o(i.PN532_Wakeup) refers to pn532_stm32f1.o(i.spi_rw) for spi_rw
    pn532_stm32f1.o(i.PN532_WriteData) refers to malloc.o(i.malloc) for malloc
    pn532_stm32f1.o(i.PN532_WriteData) refers to pn532_stm32f1.o(i.spi_rw) for spi_rw
    pn532_stm32f1.o(i.PN532_WriteData) refers to malloc.o(i.free) for free
    pn532_stm32f1.o(i.spi_rw) refers to stm32f1xx_hal_spi.o(i.HAL_SPI_TransmitReceive) for HAL_SPI_TransmitReceive
    pn532_stm32f1.o(i.spi_rw) refers to main.o(.bss) for hspi2
[...]
    cdrcmple.s                               0x00000000   Number         0  cdrcmple.o ABSOLUTE
    dc.s                                     0x00000000   Number         0  dc.o ABSOLUTE
    handlers.s                               0x00000000   Number         0  handlers.o ABSOLUTE
    init.s                                   0x00000000   Number         0  init.o ABSOLUTE
    startup_stm32f103xe.s                    0x00000000   Number         0  startup_stm32f103xe.o ABSOLUTE
    RESET                                    0x08000000   Section      304  startup_stm32f103xe.o(RESET)
    .ARM.Collect$$$$00000000                 0x08000130   Section        0  entry.o(.ARM.Collect$$$$00000000)
    .ARM.Collect$$$$00000001                 0x08000130   Section        4  entry2.o(.ARM.Collect$$$$00000001)
    .ARM.Collect$$$$00000004                 0x08000134   Section        4  entry5.o(.ARM.Collect$$$$00000004)
    .ARM.Collect$$$$00000008                 0x08000138   Section        0  entry7b.o(.ARM.Collect$$$$00000008)
    .ARM.Collect$$$$0000000A                 0x08000138   Section        0  entry8b.o(.ARM.Collect$$$$0000000A)
    .ARM.Collect$$$$0000000B                 0x08000138   Section        8  entry9a.o(.ARM.Collect$$$$0000000B)
    .ARM.Collect$$$$0000000D                 0x08000140   Section        0  entry10a.o(.ARM.Collect$$$$0000000D)
    .ARM.Collect$$$$0000000F                 0x08000140   Section        0  entry11a.o(.ARM.Collect$$$$0000000F)
    .ARM.Collect$$$$00002712                 0x08000140   Section        4  entry2.o(.ARM.Collect$$$$00002712)
    __lit__00000000                          0x08000140   Data           4  entry2.o(.ARM.Collect$$$$00002712)
    .text                                    0x08000144   Section       36  startup_stm32f103xe.o(.text)
    .text                                    0x08000168   Section        0  llushr.o(.text)
    .text                                    0x08000188   Section        0  memcpya.o(.text)
    .text                                    0x080001ac   Section        0  memseta.o(.text)
    .text                                    0x080001d0   Section        0  uldiv.o(.text)
    .text                                    0x08000234   Section       36  init.o(.text)
    .text                                    0x08000258   Section        0  llshl.o(.text)
    .text                                    0x08000276   Section        0  __dczerorl2.o(.text)
    i.BusFault_Handler                       0x080002cc   Section        0  stm32f1xx_it.o(i.BusFault_Handler)
    i.CDC_Control_FS                         0x080002ce   Section        0  usbd_cdc_if.o(i.CDC_Control_FS)
    CDC_Control_FS                           0x080002cf   Thumb Code     4  usbd_cdc_if.o(i.CDC_Control_FS)
    i.CDC_DeInit_FS                          0x080002d2   Section        0  usbd_cdc_if.o(i.CDC_DeInit_FS)
    CDC_DeInit_FS                            0x080002d3   Thumb Code     4  usbd_cdc_if.o(i.CDC_DeInit_FS)
    i.CDC_Init_FS                            0x080002d8   Section        0  usbd_cdc_if.o(i.CDC_Init_FS)
    CDC_Init_FS                              0x080002d9   Thumb Code    26  usbd_cdc_if.o(i.CDC_Init_FS)
    i.CDC_Receive_FS                         0x080002fc   Section        0  usbd_cdc_if.o(i.CDC_Receive_FS)
    CDC_Receive_FS                           0x080002fd   Thumb Code    20  usbd_cdc_if.o(i.CDC_Receive_FS)
    i.CDC_Transmit_FS                        0x08000314   Section        0  usbd_cdc_if.o(i.CDC_Transmit_FS)
    i.DebugMon_Handler                       0x08000340   Section        0  stm32f1xx_it.o(i.DebugMon_Handler)
    i.EXTI2_IRQHandler                       0x08000342   Section        0  stm32f1xx_it.o(i.EXTI2_IRQHandler)
    i.Error_Handler                          0x08000348   Section        0  main.o(i.Error_Handler)
    i.HAL_Delay                              0x0800034c   Section        0  stm32f1xx_hal.o(i.HAL_Delay)
    i.HAL_GPIO_EXTI_Callback                 0x08000370   Section        0  main.o(i.HAL_GPIO_EXTI_Callback)
    i.HAL_GPIO_EXTI_IRQHandler               0x08000380   Section        0  stm32f1xx_hal_gpio.o(i.HAL_GPIO_EXTI_IRQHandler)
    i.HAL_GPIO_Init                          0x08000398   Section        0  stm32f1xx_hal_gpio.o(i.HAL_GPIO_Init)
    i.HAL_GPIO_TogglePin                     0x08000580   Section        0  stm32f1xx_hal_gpio.o(i.HAL_GPIO_TogglePin)
    i.HAL_GPIO_WritePin                      0x08000588   Section        0  stm32f1xx_hal_gpio.o(i.HAL_GPIO_WritePin)
    i.HAL_GetTick                            0x08000594   Section        0  stm32f1xx_hal.o(i.HAL_GetTick)
    i.HAL_IncTick                            0x080005a0   Section        0  stm32f1xx_hal.o(i.HAL_IncTick)
    i.HAL_Init                               0x080005b0   Section        0  stm32f1xx_hal.o(i.HAL_Init)
    i.HAL_InitTick                           0x080005d4   Section        0  stm32f1xx_hal.o(i.HAL_InitTick)
    i.HAL_MspInit                            0x08000614   Section        0  stm32f1xx_hal_msp.o(i.HAL_MspInit)
    i.HAL_NVIC_EnableIRQ                     0x08000650   Section        0  stm32f1xx_hal_cortex.o(i.HAL_NVIC_EnableIRQ)
    i.HAL_NVIC_SetPriority                   0x08000668   Section        0  stm32f1xx_hal_cortex.o(i.HAL_NVIC_SetPriority)
    i.HAL_NVIC_SetPriorityGrouping           0x080006a8   Section        0  stm32f1xx_hal_cortex.o(i.HAL_NVIC_SetPriorityGrouping)
    i.HAL_PCDEx_PMAConfig                    0x080006cc   Section        0  stm32f1xx_hal_pcd_ex.o(i.HAL_PCDEx_PMAConfig)
    i.HAL_PCDEx_SetConnectionState           0x08000700   Section        0  usbd_conf.o(i.HAL_PCDEx_SetConnectionState)
    i.HAL_PCD_DataInStageCallback            0x08000702   Section        0  usbd_conf.o(i.HAL_PCD_DataInStageCallback)
    i.HAL_PCD_DataOutStageCallback           0x08000710   Section        0  usbd_conf.o(i.HAL_PCD_DataOutStageCallback)
    i.HAL_PCD_EP_Close                       0x08000720   Section        0  stm32f1xx_hal_pcd.o(i.HAL_PCD_EP_Close)
    i.HAL_PCD_EP_ClrStall                    0x08000760   Section        0  stm32f1xx_hal_pcd.o(i.HAL_PCD_EP_ClrStall)
    i.HAL_PCD_EP_GetRxCount                  0x080007a8   Section        0  stm32f1xx_hal_pcd.o(i.HAL_PCD_EP_GetRxCount)
    i.HAL_PCD_EP_Open                        0x080007b8   Section        0  stm32f1xx_hal_pcd.o(i.HAL_PCD_EP_Open)
    i.HAL_PCD_EP_Receive                     0x080007fc   Section        0  stm32f1xx_hal_pcd.o(i.HAL_PCD_EP_Receive)
    i.HAL_PCD_EP_SetStall                    0x0800082a   Section        0  stm32f1xx_hal_pcd.o(i.HAL_PCD_EP_SetStall)
    i.HAL_PCD_EP_Transmit                    0x08000880   Section        0  stm32f1xx_hal_pcd.o(i.HAL_PCD_EP_Transmit)
    i.HAL_PCD_IRQHandler                     0x080008aa   Section        0  stm32f1xx_hal_pcd.o(i.HAL_PCD_IRQHandler)
    i.HAL_PCD_Init                           0x080009b8   Section        0  stm32f1xx_hal_pcd.o(i.HAL_PCD_Init)
    i.HAL_PCD_MspInit                        0x08000a78   Section        0  usbd_conf.o(i.HAL_PCD_MspInit)
    i.HAL_PCD_ResetCallback                  0x08000ab4   Section        0  usbd_conf.o(i.HAL_PCD_ResetCallback)
    i.HAL_PCD_ResumeCallback                 0x08000ada   Section        0  usbd_conf.o(i.HAL_PCD_ResumeCallback)
    i.HAL_PCD_SOFCallback                    0x08000ae2   Section        0  usbd_conf.o(i.HAL_PCD_SOFCallback)
    i.HAL_PCD_SetAddress                     0x08000aea   Section        0  stm32f1xx_hal_pcd.o(i.HAL_PCD_SetAddress)
    i.HAL_PCD_SetupStageCallback             0x08000b12   Section        0  usbd_conf.o(i.HAL_PCD_SetupStageCallback)
    i.HAL_PCD_Start                          0x08000b20   Section        0  stm32f1xx_hal_pcd.o(i.HAL_PCD_Start)
    i.HAL_PCD_SuspendCallback                0x08000b54   Section        0  usbd_conf.o(i.HAL_PCD_SuspendCallback)
    i.HAL_RCCEx_PeriphCLKConfig              0x08000b78   Section        0  stm32f1xx_hal_rcc_ex.o(i.HAL_RCCEx_PeriphCLKConfig)
    i.HAL_RCC_ClockConfig                    0x08000c64   Section        0  stm32f1xx_hal_rcc.o(i.HAL_RCC_ClockConfig)
    i.HAL_RCC_EnableCSS                      0x08000dd0   Section        0  stm32f1xx_hal_rcc.o(i.HAL_RCC_EnableCSS)
    i.HAL_RCC_GetPCLK1Freq                   0x08000ddc   Section        0  stm32f1xx_hal_rcc.o(i.HAL_RCC_GetPCLK1Freq)
    i.HAL_RCC_GetPCLK2Freq                   0x08000dfc   Section        0  stm32f1xx_hal_rcc.o(i.HAL_RCC_GetPCLK2Freq)
    i.HAL_RCC_GetSysClockFreq                0x08000e1c   Section        0  stm32f1xx_hal_rcc.o(i.HAL_RCC_GetSysClockFreq)
    i.HAL_RCC_OscConfig                      0x08000e90   Section        0  stm32f1xx_hal_rcc.o(i.HAL_RCC_OscConfig)
    i.HAL_SPI_Init                           0x08001194   Section        0  stm32f1xx_hal_spi_ex.o(i.HAL_SPI_Init)
    i.HAL_SPI_MspInit                        0x08001218   Section        0  stm32f1xx_hal_msp.o(i.HAL_SPI_MspInit)
    i.HAL_SPI_TransmitReceive                0x0800128c   Section        0  stm32f1xx_hal_spi.o(i.HAL_SPI_TransmitReceive)
    i.HAL_SYSTICK_Config                     0x08001464   Section        0  stm32f1xx_hal_cortex.o(i.HAL_SYSTICK_Config)
    i.HAL_UART_Init                          0x0800148c   Section        0  stm32f1xx_hal_uart.o(i.HAL_UART_Init)
    i.HAL_UART_MspInit                       0x080014f0   Section        0  stm32f1xx_hal_msp.o(i.HAL_UART_MspInit)
    i.HardFault_Handler                      0x08001560   Section        0  stm32f1xx_it.o(i.HardFault_Handler)
    i.IntToUnicode                           0x08001564   Section        0  usbd_desc.o(i.IntToUnicode)
    IntToUnicode                             0x08001565   Thumb Code    56  usbd_desc.o(i.IntToUnicode)
    i.MX_GPIO_Init                           0x0800159c   Section        0  main.o(i.MX_GPIO_Init)
    MX_GPIO_Init                             0x0800159d   Thumb Code   244  main.o(i.MX_GPIO_Init)
    i.MX_SPI2_Init                           0x080016a8   Section        0  main.o(i.MX_SPI2_Init)
    MX_SPI2_Init                             0x080016a9   Thumb Code    48  main.o(i.MX_SPI2_Init)
    i.MX_USB_DEVICE_Init                     0x080016e0   Section        0  usb_device.o(i.MX_USB_DEVICE_Init)
    i.MemManage_Handler                      0x08001734   Section        0  stm32f1xx_it.o(i.MemManage_Handler)
    i.NMI_Handler                            0x08001736   Section        0  stm32f1xx_it.o(i.NMI_Handler)
    i.NVIC_SetPriority                       0x08001738   Section        0  stm32f1xx_hal_cortex.o(i.NVIC_SetPriority)
    NVIC_SetPriority                         0x08001739   Thumb Code    32  stm32f1xx_hal_cortex.o(i.NVIC_SetPriority)
    i.PCD_EP_ISR_Handler                     0x08001758   Section        0  stm32f1xx_hal_pcd.o(i.PCD_EP_ISR_Handler)
    PCD_EP_ISR_Handler                       0x08001759   Thumb Code   866  stm32f1xx_hal_pcd.o(i.PCD_EP_ISR_Handler)
    i.PN532_CallFunction                     0x08001abc   Section        0  pn532.o(i.PN532_CallFunction)
    i.PN532_GetFirmwareVersion               0x08001bf8   Section        0  pn532.o(i.PN532_GetFirmwareVersion)
    i.PN532_Init                             0x08001c44   Section        0  pn532_stm32f1.o(i.PN532_Init)
    i.PN532_Log                              0x08001c78   Section        0  pn532_stm32f1.o(i.PN532_Log)
    i.PN532_MifareClassicAuthenticateBlock   0x08001c8c   Section        0  pn532.o(i.PN532_MifareClassicAuthenticateBlock)
    i.PN532_MifareClassicReadBlock           0x08001cf0   Section        0  pn532.o(i.PN532_MifareClassicReadBlock)
    i.PN532_ReadData                         0x08001d3c   Section        0  pn532_stm32f1.o(i.PN532_ReadData)
    i.PN532_ReadFrame                        0x08001d7c   Section        0  pn532.o(i.PN532_ReadFrame)
    i.PN532_ReadPassiveTarget                0x08001ed4   Section        0  pn532.o(i.PN532_ReadPassiveTarget)
    i.PN532_Reset                            0x08001f90   Section        0  pn532_stm32f1.o(i.PN532_Reset)
    i.PN532_SamConfiguration                 0x08001f94   Section        0  pn532.o(i.PN532_SamConfiguration)
    i.PN532_WaitReady                        0x08001fbc   Section        0  pn532_stm32f1.o(i.PN532_WaitReady)
    i.PN532_Wakeup                           0x08001ffc   Section        0  pn532_stm32f1.o(i.PN532_Wakeup)
    i.PN532_WriteData                        0x08002024   Section        0  pn532_stm32f1.o(i.PN532_WriteData)
    i.PN532_WriteFrame                       0x0800205c   Section        0  pn532.o(i.PN532_WriteFrame)
    i.PendSV_Handler                         0x080020d6   Section        0  stm32f1xx_it.o(i.PendSV_Handler)
    i.SPI_CheckFlag_BSY                      0x080020d8   Section        0  stm32f1xx_hal_spi.o(i.SPI_CheckFlag_BSY)
    SPI_CheckFlag_BSY                        0x080020d9   Thumb Code    32  stm32f1xx_hal_spi.o(i.SPI_CheckFlag_BSY)
    i.SPI_WaitFlagStateUntilTimeout          0x080020f8   Section        0  stm32f1xx_hal_spi.o(i.SPI_WaitFlagStateUntilTimeout)
    SPI_WaitFlagStateUntilTimeout            0x080020f9   Thumb Code   150  stm32f1xx_hal_spi.o(i.SPI_WaitFlagStateUntilTimeout)
    i.SVC_Handler                            0x0800218e   Section        0  stm32f1xx_it.o(i.SVC_Handler)
    i.SysTick_Handler                        0x08002190   Section        0  stm32f1xx_it.o(i.SysTick_Handler)
    i.SystemClock_Config                     0x08002194   Section        0  main.o(i.SystemClock_Config)
    i.SystemInit                             0x080021fc   Section        0  system_stm32f1xx.o(i.SystemInit)
    i.UART_SetConfig                         0x08002244   Section        0  stm32f1xx_hal_uart.o(i.UART_SetConfig)
    UART_SetConfig                           0x08002245   Thumb Code   364  stm32f1xx_hal_uart.o(i.UART_SetConfig)
    i.USBD_CDC_DataIn                        0x080023b4   Section        0  usbd_cdc.o(i.USBD_CDC_DataIn)
    USBD_CDC_DataIn                          0x080023b5   Thumb Code    20  usbd_cdc.o(i.USBD_CDC_DataIn)
    i.USBD_CDC_DataOut                       0x080023c8   Section        0  usbd_cdc.o(i.USBD_CDC_DataOut)
    USBD_CDC_DataOut                         0x080023c9   Thumb Code    46  usbd_cdc.o(i.USBD_CDC_DataOut)
    i.USBD_CDC_DeInit                        0x080023f6   Section        0  usbd_cdc.o(i.USBD_CDC_DeInit)
    USBD_CDC_DeInit                          0x080023f7   Thumb Code    60  usbd_cdc.o(i.USBD_CDC_DeInit)
    i.USBD_CDC_EP0_RxReady                   0x08002432   Section        0  usbd_cdc.o(i.USBD_CDC_EP0_RxReady)
    USBD_CDC_EP0_RxReady                     0x08002433   Thumb Code    36  usbd_cdc.o(i.USBD_CDC_EP0_RxReady)
    i.USBD_CDC_GetDeviceQualifierDescriptor  0x08002458   Section        0  usbd_cdc.o(i.USBD_CDC_GetDeviceQualifierDescriptor)
    i.USBD_CDC_GetFSCfgDesc                  0x08002464   Section        0  usbd_cdc.o(i.USBD_CDC_GetFSCfgDesc)
    USBD_CDC_GetFSCfgDesc                    0x08002465   Thumb Code     8  usbd_cdc.o(i.USBD_CDC_GetFSCfgDesc)
    i.USBD_CDC_GetHSCfgDesc                  0x08002470   Section        0  usbd_cdc.o(i.USBD_CDC_GetHSCfgDesc)
    USBD_CDC_GetHSCfgDesc                    0x08002471   Thumb Code     8  usbd_cdc.o(i.USBD_CDC_GetHSCfgDesc)
    i.USBD_CDC_GetOtherSpeedCfgDesc          0x0800247c   Section        0  usbd_cdc.o(i.USBD_CDC_GetOtherSpeedCfgDesc)
    USBD_CDC_GetOtherSpeedCfgDesc            0x0800247d   Thumb Code     8  usbd_cdc.o(i.USBD_CDC_GetOtherSpeedCfgDesc)
    i.USBD_CDC_Init                          0x08002488   Section        0  usbd_cdc.o(i.USBD_CDC_Init)
    USBD_CDC_Init                            0x08002489   Thumb Code   136  usbd_cdc.o(i.USBD_CDC_Init)
    i.USBD_CDC_ReceivePacket                 0x08002510   Section        0  usbd_cdc.o(i.USBD_CDC_ReceivePacket)
    i.USBD_CDC_RegisterInterface             0x08002538   Section        0  usbd_cdc.o(i.USBD_CDC_RegisterInterface)
    i.USBD_CDC_SetRxBuffer                   0x08002548   Section        0  usbd_cdc.o(i.USBD_CDC_SetRxBuffer)
    i.USBD_CDC_SetTxBuffer                   0x08002554   Section        0  usbd_cdc.o(i.USBD_CDC_SetTxBuffer)
    i.USBD_CDC_Setup                         0x08002564   Section        0  usbd_cdc.o(i.USBD_CDC_Setup)
    USBD_CDC_Setup                           0x08002565   Thumb Code   106  usbd_cdc.o(i.USBD_CDC_Setup)
    i.USBD_CDC_TransmitPacket                0x080025d4   Section        0  usbd_cdc.o(i.USBD_CDC_TransmitPacket)
    i.USBD_ClrClassConfig                    0x08002604   Section        0  usbd_core.o(i.USBD_ClrClassConfig)
    i.USBD_CtlContinueRx                     0x08002612   Section        0  usbd_ioreq.o(i.USBD_CtlContinueRx)
    i.USBD_CtlContinueSendData               0x08002622   Section        0  usbd_ioreq.o(i.USBD_CtlContinueSendData)
    i.USBD_CtlError                          0x08002632   Section        0  usbd_ctlreq.o(i.USBD_CtlError)
    i.USBD_CtlPrepareRx                      0x08002648   Section        0  usbd_ioreq.o(i.USBD_CtlPrepareRx)
    i.USBD_CtlReceiveStatus                  0x08002666   Section        0  usbd_ioreq.o(i.USBD_CtlReceiveStatus)
    i.USBD_CtlSendData                       0x0800267c   Section        0  usbd_ioreq.o(i.USBD_CtlSendData)
    i.USBD_CtlSendStatus                     0x08002696   Section        0  usbd_ioreq.o(i.USBD_CtlSendStatus)
    i.USBD_FS_ConfigStrDescriptor            0x080026ac   Section        0  usbd_desc.o(i.USBD_FS_ConfigStrDescriptor)
    i.USBD_FS_DeviceDescriptor               0x080026cc   Section        0  usbd_desc.o(i.USBD_FS_DeviceDescriptor)
    i.USBD_FS_InterfaceStrDescriptor         0x080026d8   Section        0  usbd_desc.o(i.USBD_FS_InterfaceStrDescriptor)
    i.USBD_FS_LangIDStrDescriptor            0x080026fc   Section        0  usbd_desc.o(i.USBD_FS_LangIDStrDescriptor)
    i.USBD_FS_ManufacturerStrDescriptor      0x08002708   Section        0  usbd_desc.o(i.USBD_FS_ManufacturerStrDescriptor)
    i.USBD_FS_ProductStrDescriptor           0x08002730   Section        0  usbd_desc.o(i.USBD_FS_ProductStrDescriptor)
    i.USBD_FS_SerialStrDescriptor            0x0800275c   Section        0  usbd_desc.o(i.USBD_FS_SerialStrDescriptor)
    i.USBD_GetDescriptor                     0x08002794   Section        0  usbd_ctlreq.o(i.USBD_GetDescriptor)
    USBD_GetDescriptor                       0x08002795   Thumb Code   224  usbd_ctlreq.o(i.USBD_GetDescriptor)
    i.USBD_GetString                         0x08002874   Section        0  usbd_ctlreq.o(i.USBD_GetString)
    i.USBD_Get_USB_Status                    0x080028ba   Section        0  usbd_conf.o(i.USBD_Get_USB_Status)
    USBD_Get_USB_Status                      0x080028bb   Thumb Code    24  usbd_conf.o(i.USBD_Get_USB_Status)
    i.USBD_Init                              0x080028d4   Section        0  usbd_core.o(i.USBD_Init)
    i.USBD_LL_ClearStallEP                   0x08002934   Section        0  usbd_conf.o(i.USBD_LL_ClearStallEP)
    i.USBD_LL_CloseEP                        0x08002946   Section        0  usbd_conf.o(i.USBD_LL_CloseEP)
    i.USBD_LL_DataInStage                    0x08002958   Section        0  usbd_core.o(i.USBD_LL_DataInStage)
    i.USBD_LL_DataOutStage                   0x08002a02   Section        0  usbd_core.o(i.USBD_LL_DataOutStage)
    i.USBD_LL_GetRxDataSize                  0x08002a6c   Section        0  usbd_conf.o(i.USBD_LL_GetRxDataSize)
    i.USBD_LL_Init                           0x08002a74   Section        0  usbd_conf.o(i.USBD_LL_Init)
    i.USBD_LL_IsStallEP                      0x08002af4   Section        0  usbd_conf.o(i.USBD_LL_IsStallEP)
    i.USBD_LL_OpenEP                         0x08002b10   Section        0  usbd_conf.o(i.USBD_LL_OpenEP)
    i.USBD_LL_PrepareReceive                 0x08002b28   Section        0  usbd_conf.o(i.USBD_LL_PrepareReceive)
    i.USBD_LL_Reset                          0x08002b3a   Section        0  usbd_core.o(i.USBD_LL_Reset)
    i.USBD_LL_Resume                         0x08002b78   Section        0  usbd_core.o(i.USBD_LL_Resume)
    i.USBD_LL_SOF                            0x08002b84   Section        0  usbd_core.o(i.USBD_LL_SOF)
    i.USBD_LL_SetSpeed                       0x08002b9c   Section        0  usbd_core.o(i.USBD_LL_SetSpeed)
    i.USBD_LL_SetUSBAddress                  0x08002ba2   Section        0  usbd_conf.o(i.USBD_LL_SetUSBAddress)
    i.USBD_LL_SetupStage                     0x08002bb4   Section        0  usbd_core.o(i.USBD_LL_SetupStage)
    i.USBD_LL_StallEP                        0x08002c0e   Section        0  usbd_conf.o(i.USBD_LL_StallEP)
    i.USBD_LL_Start                          0x08002c20   Section        0  usbd_conf.o(i.USBD_LL_Start)
    i.USBD_LL_Suspend                        0x08002c32   Section        0  usbd_core.o(i.USBD_LL_Suspend)
    i.USBD_LL_Transmit                       0x08002c44   Section        0  usbd_conf.o(i.USBD_LL_Transmit)
    i.USBD_ParseSetupRequest                 0x08002c56   Section        0  usbd_ctlreq.o(i.USBD_ParseSetupRequest)
    i.USBD_RegisterClass                     0x08002c80   Section        0  usbd_core.o(i.USBD_RegisterClass)
    i.USBD_SetClassConfig                    0x08002cc8   Section        0  usbd_core.o(i.USBD_SetClassConfig)
    i.USBD_SetConfig                         0x08002ce0   Section        0  usbd_ctlreq.o(i.USBD_SetConfig)
    USBD_SetConfig                           0x08002ce1   Thumb Code   110  usbd_ctlreq.o(i.USBD_SetConfig)
    i.USBD_Start                             0x08002d54   Section        0  usbd_core.o(i.USBD_Start)
    i.USBD_StdDevReq                         0x08002d5e   Section        0  usbd_ctlreq.o(i.USBD_StdDevReq)
    i.USBD_StdEPReq                          0x08002e50   Section        0  usbd_ctlreq.o(i.USBD_StdEPReq)
    i.USBD_StdItfReq                         0x08002f2c   Section        0  usbd_ctlreq.o(i.USBD_StdItfReq)
    i.USBD_static_free                       0x08002f60   Section        0  usbd_conf.o(i.USBD_static_free)
    i.USBD_static_malloc                     0x08002f64   Section        0  usbd_conf.o(i.USBD_static_malloc)
    i.USB_ActivateEndpoint                   0x08002f6c   Section        0  stm32f1xx_ll_usb.o(i.USB_ActivateEndpoint)
    i.USB_CoreInit                           0x080031c8   Section        0  stm32f1xx_ll_usb.o(i.USB_CoreInit)
    i.USB_DeactivateEndpoint                 0x080031cc   Section        0  stm32f1xx_ll_usb.o(i.USB_DeactivateEndpoint)
    i.USB_DevConnect                         0x080032f0   Section        0  stm32f1xx_ll_usb.o(i.USB_DevConnect)
    i.USB_DevDisconnect                      0x080032f4   Section        0  stm32f1xx_ll_usb.o(i.USB_DevDisconnect)
    i.USB_DevInit                            0x080032f8   Section        0  stm32f1xx_ll_usb.o(i.USB_DevInit)
    i.USB_DisableGlobalInt                   0x08003316   Section        0  stm32f1xx_ll_usb.o(i.USB_DisableGlobalInt)
    i.USB_EP0_OutStart                       0x08003324   Section        0  stm32f1xx_ll_usb.o(i.USB_EP0_OutStart)
    i.USB_EPClearStall                       0x08003328   Section        0  stm32f1xx_ll_usb.o(i.USB_EPClearStall)
    i.USB_EPSetStall                         0x08003392   Section        0  stm32f1xx_ll_usb.o(i.USB_EPSetStall)
    i.USB_EPStartXfer                        0x080033dc   Section        0  stm32f1xx_ll_usb.o(i.USB_EPStartXfer)
    i.USB_EnableGlobalInt                    0x08003586   Section        0  stm32f1xx_ll_usb.o(i.USB_EnableGlobalInt)
    i.USB_LP_CAN1_RX0_IRQHandler             0x08003594   Section        0  stm32f1xx_it.o(i.USB_LP_CAN1_RX0_IRQHandler)
    i.USB_ReadInterrupts                     0x080035a0   Section        0  stm32f1xx_ll_usb.o(i.USB_ReadInterrupts)
    i.USB_ReadPMA                            0x080035a8   Section        0  stm32f1xx_ll_usb.o(i.USB_ReadPMA)
    i.USB_SetCurrentMode                     0x080035c6   Section        0  stm32f1xx_ll_usb.o(i.USB_SetCurrentMode)
    i.USB_SetDevAddress                      0x080035ca   Section        0  stm32f1xx_ll_usb.o(i.USB_SetDevAddress)
    i.USB_WritePMA                           0x080035d6   Section        0  stm32f1xx_ll_usb.o(i.USB_WritePMA)
    i.UsageFault_Handler                     0x080035fc   Section        0  stm32f1xx_it.o(i.UsageFault_Handler)
    i.__0printf$8                            0x08003600   Section        0  printf8.o(i.__0printf$8)
    i.__scatterload_copy                     0x08003620   Section       14  handlers.o(i.__scatterload_copy)
    i.__scatterload_null                     0x0800362e   Section        2  handlers.o(i.__scatterload_null)
    i.__scatterload_zeroinit                 0x08003630   Section       14  handlers.o(i.__scatterload_zeroinit)
    i._printf_core                           0x08003640   Section        0  printf8.o(i._printf_core)
    _printf_core                             0x08003641   Thumb Code   996  printf8.o(i._printf_core)
    i._printf_post_padding                   0x08003a50   Section        0  printf8.o(i._printf_post_padding)
    _printf_post_padding                     0x08003a51   Thumb Code    36  printf8.o(i._printf_post_padding)
    i._printf_pre_padding                    0x08003a74   Section        0  printf8.o(i._printf_pre_padding)
    _printf_pre_padding                      0x08003a75   Thumb Code    46  printf8.o(i._printf_pre_padding)
    i.fputc                                  0x08003aa2   Section        0  main.o(i.fputc)
    i.free                                   0x08003ab8   Section        0  malloc.o(i.free)
    i.led_toogle                             0x08003b08   Section        0  led.o(i.led_toogle)
    i.main                                   0x08003b80   Section        0  main.o(i.main)
    i.malloc                                 0x08003d3c   Section        0  malloc.o(i.malloc)
    i.spi_rw                                 0x08003da8   Section        0  pn532_stm32f1.o(i.spi_rw)
    .constdata                               0x08003dc0   Section        6  pn532.o(.constdata)
    .constdata                               0x08003dc6   Section       16  system_stm32f1xx.o(.constdata)
    .constdata                               0x08003dd6   Section        8  system_stm32f1xx.o(.constdata)
    .data                                    0x20000000   Section       28  usbd_desc.o(.data)
    .data                                    0x2000001c   Section       50  usbd_desc.o(.data)
    .data                                    0x20000050   Section       16  usbd_cdc_if.o(.data)
    .data                                    0x20000060   Section       12  stm32f1xx_hal.o(.data)
    .data                                    0x2000006c   Section        4  system_stm32f1xx.o(.data)
    .data                                    0x20000070   Section        1  usbd_ctlreq.o(.data)
    cfgidx                                   0x20000070   Data           1  usbd_ctlreq.o(.data)
    .data                                    0x20000074   Section      219  usbd_cdc.o(.data)
    ifalt                                    0x20000074   Data           1  usbd_cdc.o(.data)
    USBD_CDC_DeviceQualifierDesc             0x20000078   Data          10  usbd_cdc.o(.data)
    .data                                    0x20000150   Section       56  usbd_cdc.o(.data)
    .data                                    0x20000188   Section        4  stdout.o(.data)
    .data                                    0x2000018c   Section        4  mvars.o(.data)
    .data                                    0x20000190   Section        4  mvars.o(.data)
    .bss                                     0x20000194   Section      176  main.o(.bss)
    .bss                                     0x20000244   Section      548  usb_device.o(.bss)
    .bss                                     0x20000468   Section     1664  usbd_conf.o(.bss)
    mem                                      0x20000468   Data         544  usbd_conf.o(.bss)
    .bss                                     0x20000ae8   Section      512  usbd_desc.o(.bss)
    .bss                                     0x20000ce8   Section      128  usbd_cdc_if.o(.bss)
    HEAP                                     0x20000d68   Section      512  startup_stm32f103xe.o(HEAP)
    STACK                                    0x20000f68   Section     1024  startup_stm32f103xe.o(STACK)

    Global Symbols

    Symbol Name                              Value     Ov Type        Size  Object(Section)

    BuildAttributes$$THM_ISAv4$P$D$K$B$S$PE$A:L22UL41UL21$X:L11$S22US41US21$IEEE1$IW$USESV6$~STKCKD$USESV7$~SHL$OSPACE$ROPI$EBA8$MICROLIB$REQ8$PRES8$EABIv2 0x00000000   Number         0  anon$$obj.o ABSOLUTE
    __ARM_use_no_argv                        0x00000000   Number         0  main.o ABSOLUTE
    _printf_a                                0x00000000   Number         0  stubs.o ABSOLUTE
    _printf_c                                0x00000000   Number         0  stubs.o ABSOLUTE
    _printf_charcount                        0x00000000   Number         0  stubs.o ABSOLUTE
    _printf_d                                0x00000000   Number         0  stubs.o ABSOLUTE
    _printf_e                                0x00000000   Number         0  stubs.o ABSOLUTE
    _printf_f                                0x00000000   Number         0  stubs.o ABSOLUTE
    _printf_flags                            0x00000000   Number         0  stubs.o ABSOLUTE
    _printf_fp_dec                           0x00000000   Number         0  stubs.o ABSOLUTE
    _printf_fp_hex                           0x00000000   Number         0  stubs.o ABSOLUTE
    _printf_g                                0x00000000   Number         0  stubs.o ABSOLUTE
    _printf_i                                0x00000000   Number         0  stubs.o ABSOLUTE
    _printf_int_dec                          0x00000000   Number         0  stubs.o ABSOLUTE
    _printf_l                                0x00000000   Number         0  stubs.o ABSOLUTE
    _printf_lc                               0x00000000   Number         0  stubs.o ABSOLUTE
    _printf_ll                               0x00000000   Number         0  stubs.o ABSOLUTE
    _printf_lld                              0x00000000   Number         0  stubs.o ABSOLUTE
    _printf_lli                              0x00000000   Number         0  stubs.o ABSOLUTE
    _printf_llo                              0x00000000   Number         0  stubs.o ABSOLUTE
    _printf_llu                              0x00000000   Number         0  stubs.o ABSOLUTE
    _printf_llx                              0x00000000   Number         0  stubs.o ABSOLUTE
    _printf_longlong_dec                     0x00000000   Number         0  stubs.o ABSOLUTE
    _printf_longlong_hex                     0x00000000   Number         0  stubs.o ABSOLUTE
    _printf_longlong_oct                     0x00000000   Number         0  stubs.o ABSOLUTE
    _printf_ls                               0x00000000   Number         0  stubs.o ABSOLUTE
    _printf_mbtowc                           0x00000000   Number         0  stubs.o ABSOLUTE
    _printf_n                                0x00000000   Number         0  stubs.o ABSOLUTE
    _printf_o                                0x00000000   Number         0  stubs.o ABSOLUTE
    _printf_p                                0x00000000   Number         0  stubs.o ABSOLUTE
    _printf_percent                          0x00000000   Number         0  stubs.o ABSOLUTE
    _printf_pre_padding                      0x00000000   Number         0  stubs.o ABSOLUTE
    _printf_return_value                     0x00000000   Number         0  stubs.o ABSOLUTE
    _printf_s                                0x00000000   Number         0  stubs.o ABSOLUTE
    _printf_sizespec                         0x00000000   Number         0  stubs.o ABSOLUTE
    _printf_str                              0x00000000   Number         0  stubs.o ABSOLUTE
    _printf_truncate_signed                  0x00000000   Number         0  stubs.o ABSOLUTE
    _printf_truncate_unsigned                0x00000000   Number         0  stubs.o ABSOLUTE
    _printf_u                                0x00000000   Number         0  stubs.o ABSOLUTE
    _printf_wc                               0x00000000   Number         0  stubs.o ABSOLUTE
    _printf_wctomb                           0x00000000   Number         0  stubs.o ABSOLUTE
    _printf_widthprec                        0x00000000   Number         0  stubs.o ABSOLUTE
    _printf_x                                0x00000000   Number         0  stubs.o ABSOLUTE
    __cpp_initialize__aeabi_                  - Undefined Weak Reference
    __cxa_finalize                            - Undefined Weak Reference
    _clock_init                               - Undefined Weak Reference
    _microlib_exit                            - Undefined Weak Reference
    __Vectors_Size                           0x00000130   Number         0  startup_stm32f103xe.o ABSOLUTE
    __Vectors                                0x08000000   Data           4  startup_stm32f103xe.o(RESET)
    __Vectors_End                            0x08000130   Data           0  startup_stm32f103xe.o(RESET)
    __main                                   0x08000131   Thumb Code     0  entry.o(.ARM.Collect$$$$00000000)
    _main_stk                                0x08000131   Thumb Code     0  entry2.o(.ARM.Collect$$$$00000001)
    _main_scatterload                        0x08000135   Thumb Code     0  entry5.o(.ARM.Collect$$$$00000004)
    __main_after_scatterload                 0x08000139   Thumb Code     0  entry5.o(.ARM.Collect$$$$00000004)
    _main_clock                              0x08000139   Thumb Code     0  entry7b.o(.ARM.Collect$$$$00000008)
    _main_cpp_init                           0x08000139   Thumb Code     0  entry8b.o(.ARM.Collect$$$$0000000A)
    _main_init                               0x08000139   Thumb Code     0  entry9a.o(.ARM.Collect$$$$0000000B)
    __rt_final_cpp                           0x08000141   Thumb Code     0  entry10a.o(.ARM.Collect$$$$0000000D)
    __rt_final_exit                          0x08000141   Thumb Code     0  entry11a.o(.ARM.Collect$$$$0000000F)
    Reset_Handler                            0x08000145   Thumb Code     8  startup_stm32f103xe.o(.text)
    ADC1_2_IRQHandler                        0x0800015f   Thumb Code     0  startup_stm32f103xe.o(.text)
    ADC3_IRQHandler                          0x0800015f   Thumb Code     0  startup_stm32f103xe.o(.text)
    CAN1_RX1_IRQHandler                      0x0800015f   Thumb Code     0  startup_stm32f103xe.o(.text)
    CAN1_SCE_IRQHandler                      0x0800015f   Thumb Code     0  startup_stm32f103xe.o(.text)
    DMA1_Channel1_IRQHandler                 0x0800015f   Thumb Code     0  startup_stm32f103xe.o(.text)
    DMA1_Channel2_IRQHandler                 0x0800015f   Thumb Code     0  startup_stm32f103xe.o(.text)
    DMA1_Channel3_IRQHandler                 0x0800015f   Thumb Code     0  startup_stm32f103xe.o(.text)
    DMA1_Channel4_IRQHandler                 0x0800015f   Thumb Code     0  startup_stm32f103xe.o(.text)
    DMA1_Channel5_IRQHandler                 0x0800015f   Thumb Code     0  startup_stm32f103xe.o(.text)
    DMA1_Channel6_IRQHandler                 0x0800015f   Thumb Code     0  startup_stm32f103xe.o(.text)
    DMA1_Channel7_IRQHandler                 0x0800015f   Thumb Code     0  startup_stm32f103xe.o(.text)
    DMA2_Channel1_IRQHandler                 0x0800015f   Thumb Code     0  startup_stm32f103xe.o(.text)
    DMA2_Channel2_IRQHandler                 0x0800015f   Thumb Code     0  startup_stm32f103xe.o(.text)
    DMA2_Channel3_IRQHandler                 0x0800015f   Thumb Code     0  startup_stm32f103xe.o(.text)
    DMA2_Channel4_5_IRQHandler               0x0800015f   Thumb Code     0  startup_stm32f103xe.o(.text)
    EXTI0_IRQHandler                         0x0800015f   Thumb Code     0  startup_stm32f103xe.o(.text)
    EXTI15_10_IRQHandler                     0x0800015f   Thumb Code     0  startup_stm32f103xe.o(.text)
    EXTI1_IRQHandler                         0x0800015f   Thumb Code     0  startup_stm32f103xe.o(.text)
    EXTI3_IRQHandler                         0x0800015f   Thumb Code     0  startup_stm32f103xe.o(.text)
    EXTI4_IRQHandler                         0x0800015f   Thumb Code     0  startup_stm32f103xe.o(.text)
    EXTI9_5_IRQHandler                       0x0800015f   Thumb Code     0  startup_stm32f103xe.o(.text)
    FLASH_IRQHandler                         0x0800015f   Thumb Code     0  startup_stm32f103xe.o(.text)
    FSMC_IRQHandler                          0x0800015f   Thumb Code     0  startup_stm32f103xe.o(.text)
    I2C1_ER_IRQHandler                       0x0800015f   Thumb Code     0  startup_stm32f103xe.o(.text)
    I2C1_EV_IRQHandler                       0x0800015f   Thumb Code     0  startup_stm32f103xe.o(.text)
    I2C2_ER_IRQHandler                       0x0800015f   Thumb Code     0  startup_stm32f103xe.o(.text)
    I2C2_EV_IRQHandler                       0x0800015f   Thumb Code     0  startup_stm32f103xe.o(.text)
    PVD_IRQHandler                           0x0800015f   Thumb Code     0  startup_stm32f103xe.o(.text)
    RCC_IRQHandler                           0x0800015f   Thumb Code     0  startup_stm32f103xe.o(.text)
    RTC_Alarm_IRQHandler                     0x0800015f   Thumb Code     0  startup_stm32f103xe.o(.text)
    RTC_IRQHandler                           0x0800015f   Thumb Code     0  startup_stm32f103xe.o(.text)
    SDIO_IRQHandler                          0x0800015f   Thumb Code     0  startup_stm32f103xe.o(.text)
    SPI1_IRQHandler                          0x0800015f   Thumb Code     0  startup_stm32f103xe.o(.text)
    SPI2_IRQHandler                          0x0800015f   Thumb Code     0  startup_stm32f103xe.o(.text)
    SPI3_IRQHandler                          0x0800015f   Thumb Code     0  startup_stm32f103xe.o(.text)
    TAMPER_IRQHandler                        0x0800015f   Thumb Code     0  startup_stm32f103xe.o(.text)
    TIM1_BRK_IRQHandler                      0x0800015f   Thumb Code     0  startup_stm32f103xe.o(.text)
    TIM1_CC_IRQHandler                       0x0800015f   Thumb Code     0  startup_stm32f103xe.o(.text)
    TIM1_TRG_COM_IRQHandler                  0x0800015f   Thumb Code     0  startup_stm32f103xe.o(.text)
    TIM1_UP_IRQHandler                       0x0800015f   Thumb Code     0  startup_stm32f103xe.o(.text)
    TIM2_IRQHandler                          0x0800015f   Thumb Code     0  startup_stm32f103xe.o(.text)
    TIM3_IRQHandler                          0x0800015f   Thumb Code     0  startup_stm32f103xe.o(.text)
    TIM4_IRQHandler                          0x0800015f   Thumb Code     0  startup_stm32f103xe.o(.text)
    TIM5_IRQHandler                          0x0800015f   Thumb Code     0  startup_stm32f103xe.o(.text)
    TIM6_IRQHandler                          0x0800015f   Thumb Code     0  startup_stm32f103xe.o(.text)
    TIM7_IRQHandler                          0x0800015f   Thumb Code     0  startup_stm32f103xe.o(.text)
    TIM8_BRK_IRQHandler                      0x0800015f   Thumb Code     0  startup_stm32f103xe.o(.text)
    TIM8_CC_IRQHandler                       0x0800015f   Thumb Code     0  startup_stm32f103xe.o(.text)
    TIM8_TRG_COM_IRQHandler                  0x0800015f   Thumb Code     0  startup_stm32f103xe.o(.text)
    TIM8_UP_IRQHandler                       0x0800015f   Thumb Code     0  startup_stm32f103xe.o(.text)
    UART4_IRQHandler                         0x0800015f   Thumb Code     0  startup_stm32f103xe.o(.text)
    UART5_IRQHandler                         0x0800015f   Thumb Code     0  startup_stm32f103xe.o(.text)
    USART1_IRQHandler                        0x0800015f   Thumb Code     0  startup_stm32f103xe.o(.text)
    USART2_IRQHandler                        0x0800015f   Thumb Code     0  startup_stm32f103xe.o(.text)
    USART3_IRQHandler                        0x0800015f   Thumb Code     0  startup_stm32f103xe.o(.text)
    USBWakeUp_IRQHandler                     0x0800015f   Thumb Code     0  startup_stm32f103xe.o(.text)
    USB_HP_CAN1_TX_IRQHandler                0x0800015f   Thumb Code     0  startup_stm32f103xe.o(.text)
    WWDG_IRQHandler                          0x0800015f   Thumb Code     0  startup_stm32f103xe.o(.text)
    __aeabi_llsr                             0x08000169   Thumb Code    32  llushr.o(.text)
    _ll_ushift_r                             0x08000169   Thumb Code     0  llushr.o(.text)
    __aeabi_memcpy                           0x08000189   Thumb Code    36  memcpya.o(.text)
    __aeabi_memcpy4                          0x08000189   Thumb Code     0  memcpya.o(.text)
    __aeabi_memcpy8                          0x08000189   Thumb Code     0  memcpya.o(.text)
    __aeabi_memset                           0x080001ad   Thumb Code    14  memseta.o(.text)
    __aeabi_memset4                          0x080001ad   Thumb Code     0  memseta.o(.text)
    __aeabi_memset8                          0x080001ad   Thumb Code     0  memseta.o(.text)
    __aeabi_memclr                           0x080001bb   Thumb Code     4  memseta.o(.text)
    __aeabi_memclr4                          0x080001bb   Thumb Code     0  memseta.o(.text)
    __aeabi_memclr8                          0x080001bb   Thumb Code     0  memseta.o(.text)
    _memset$wrapper                          0x080001bf   Thumb Code    18  memseta.o(.text)
    __aeabi_uldivmod                         0x080001d1   Thumb Code    98  uldiv.o(.text)
    __scatterload                            0x08000235   Thumb Code    28  init.o(.text)
    __scatterload_rt2                        0x08000235   Thumb Code     0  init.o(.text)
    __aeabi_llsl                             0x08000259   Thumb Code    30  llshl.o(.text)
    _ll_shift_l                              0x08000259   Thumb Code     0  llshl.o(.text)
    __decompress                             0x08000277   Thumb Code     0  __dczerorl2.o(.text)
    __decompress1                            0x08000277   Thumb Code    86  __dczerorl2.o(.text)
    BusFault_Handler                         0x080002cd   Thumb Code     2  stm32f1xx_it.o(i.BusFault_Handler)
    CDC_Transmit_FS                          0x08000315   Thumb Code    38  usbd_cdc_if.o(i.CDC_Transmit_FS)
    DebugMon_Handler                         0x08000341   Thumb Code     2  stm32f1xx_it.o(i.DebugMon_Handler)
    EXTI2_IRQHandler                         0x08000343   Thumb Code     6  stm32f1xx_it.o(i.EXTI2_IRQHandler)
    Error_Handler                            0x08000349   Thumb Code     2  main.o(i.Error_Handler)
    HAL_Delay                                0x0800034d   Thumb Code    32  stm32f1xx_hal.o(i.HAL_Delay)
    HAL_GPIO_EXTI_Callback                   0x08000371   Thumb Code    14  main.o(i.HAL_GPIO_EXTI_Callback)
    HAL_GPIO_EXTI_IRQHandler                 0x08000381   Thumb Code    18  stm32f1xx_hal_gpio.o(i.HAL_GPIO_EXTI_IRQHandler)
    HAL_GPIO_Init                            0x08000399   Thumb Code   446  stm32f1xx_hal_gpio.o(i.HAL_GPIO_Init)
    HAL_GPIO_TogglePin                       0x08000581   Thumb Code     8  stm32f1xx_hal_gpio.o(i.HAL_GPIO_TogglePin)
    HAL_GPIO_WritePin                        0x08000589   Thumb Code    10  stm32f1xx_hal_gpio.o(i.HAL_GPIO_WritePin)
    HAL_GetTick                              0x08000595   Thumb Code     6  stm32f1xx_hal.o(i.HAL_GetTick)
    HAL_IncTick                              0x080005a1   Thumb Code    12  stm32f1xx_hal.o(i.HAL_IncTick)
    HAL_Init                                 0x080005b1   Thumb Code    32  stm32f1xx_hal.o(i.HAL_Init)
    HAL_InitTick                             0x080005d5   Thumb Code    54  stm32f1xx_hal.o(i.HAL_InitTick)
    HAL_MspInit                              0x08000615   Thumb Code    52  stm32f1xx_hal_msp.o(i.HAL_MspInit)
    HAL_NVIC_EnableIRQ                       0x08000651   Thumb Code    22  stm32f1xx_hal_cortex.o(i.HAL_NVIC_EnableIRQ)
    HAL_NVIC_SetPriority                     0x08000669   Thumb Code    60  stm32f1xx_hal_cortex.o(i.HAL_NVIC_SetPriority)
    HAL_NVIC_SetPriorityGrouping             0x080006a9   Thumb Code    26  stm32f1xx_hal_cortex.o(i.HAL_NVIC_SetPriorityGrouping)
    HAL_PCDEx_PMAConfig                      0x080006cd   Thumb Code    52  stm32f1xx_hal_pcd_ex.o(i.HAL_PCDEx_PMAConfig)
    HAL_PCDEx_SetConnectionState             0x08000701   Thumb Code     2  usbd_conf.o(i.HAL_PCDEx_SetConnectionState)
    HAL_PCD_DataInStageCallback              0x08000703   Thumb Code    14  usbd_conf.o(i.HAL_PCD_DataInStageCallback)
    HAL_PCD_DataOutStageCallback             0x08000711   Thumb Code    16  usbd_conf.o(i.HAL_PCD_DataOutStageCallback)
    HAL_PCD_EP_Close                         0x08000721   Thumb Code    64  stm32f1xx_hal_pcd.o(i.HAL_PCD_EP_Close)
    HAL_PCD_EP_ClrStall                      0x08000761   Thumb Code    72  stm32f1xx_hal_pcd.o(i.HAL_PCD_EP_ClrStall)
    HAL_PCD_EP_GetRxCount                    0x080007a9   Thumb Code    16  stm32f1xx_hal_pcd.o(i.HAL_PCD_EP_GetRxCount)
    HAL_PCD_EP_Open                          0x080007b9   Thumb Code    68  stm32f1xx_hal_pcd.o(i.HAL_PCD_EP_Open)
    HAL_PCD_EP_Receive                       0x080007fd   Thumb Code    46  stm32f1xx_hal_pcd.o(i.HAL_PCD_EP_Receive)
    HAL_PCD_EP_SetStall                      0x0800082b   Thumb Code    86  stm32f1xx_hal_pcd.o(i.HAL_PCD_EP_SetStall)
    HAL_PCD_EP_Transmit                      0x08000881   Thumb Code    42  stm32f1xx_hal_pcd.o(i.HAL_PCD_EP_Transmit)
    HAL_PCD_IRQHandler                       0x080008ab   Thumb Code   268  stm32f1xx_hal_pcd.o(i.HAL_PCD_IRQHandler)
    HAL_PCD_Init                             0x080009b9   Thumb Code   192  stm32f1xx_hal_pcd.o(i.HAL_PCD_Init)
    HAL_PCD_MspInit                          0x08000a79   Thumb Code    50  usbd_conf.o(i.HAL_PCD_MspInit)
    HAL_PCD_ResetCallback                    0x08000ab5   Thumb Code    38  usbd_conf.o(i.HAL_PCD_ResetCallback)
    HAL_PCD_ResumeCallback                   0x08000adb   Thumb Code     8  usbd_conf.o(i.HAL_PCD_ResumeCallback)
    HAL_PCD_SOFCallback                      0x08000ae3   Thumb Code     8  usbd_conf.o(i.HAL_PCD_SOFCallback)
    HAL_PCD_SetAddress                       0x08000aeb   Thumb Code    40  stm32f1xx_hal_pcd.o(i.HAL_PCD_SetAddress)
    HAL_PCD_SetupStageCallback               0x08000b13   Thumb Code    14  usbd_conf.o(i.HAL_PCD_SetupStageCallback)
    HAL_PCD_Start                            0x08000b21   Thumb Code    50  stm32f1xx_hal_pcd.o(i.HAL_PCD_Start)
    HAL_PCD_SuspendCallback                  0x08000b55   Thumb Code    30  usbd_conf.o(i.HAL_PCD_SuspendCallback)
    HAL_RCCEx_PeriphCLKConfig                0x08000b79   Thumb Code   224  stm32f1xx_hal_rcc_ex.o(i.HAL_RCCEx_PeriphCLKConfig)
    HAL_RCC_ClockConfig                      0x08000c65   Thumb Code   346  stm32f1xx_hal_rcc.o(i.HAL_RCC_ClockConfig)
    HAL_RCC_EnableCSS                        0x08000dd1   Thumb Code     8  stm32f1xx_hal_rcc.o(i.HAL_RCC_EnableCSS)
    HAL_RCC_GetPCLK1Freq                     0x08000ddd   Thumb Code    20  stm32f1xx_hal_rcc.o(i.HAL_RCC_GetPCLK1Freq)
    HAL_RCC_GetPCLK2Freq                     0x08000dfd   Thumb Code    20  stm32f1xx_hal_rcc.o(i.HAL_RCC_GetPCLK2Freq)
    HAL_RCC_GetSysClockFreq                  0x08000e1d   Thumb Code    80  stm32f1xx_hal_rcc.o(i.HAL_RCC_GetSysClockFreq)
    HAL_RCC_OscConfig                        0x08000e91   Thumb Code   750  stm32f1xx_hal_rcc.o(i.HAL_RCC_OscConfig)
    HAL_SPI_Init                             0x08001195   Thumb Code   130  stm32f1xx_hal_spi_ex.o(i.HAL_SPI_Init)
    HAL_SPI_MspInit                          0x08001219   Thumb Code   102  stm32f1xx_hal_msp.o(i.HAL_SPI_MspInit)
    HAL_SPI_TransmitReceive                  0x0800128d   Thumb Code   472  stm32f1xx_hal_spi.o(i.HAL_SPI_TransmitReceive)
    HAL_SYSTICK_Config                       0x08001465   Thumb Code    40  stm32f1xx_hal_cortex.o(i.HAL_SYSTICK_Config)
    HAL_UART_Init                            0x0800148d   Thumb Code    98  stm32f1xx_hal_uart.o(i.HAL_UART_Init)
    HAL_UART_MspInit                         0x080014f1   Thumb Code   100  stm32f1xx_hal_msp.o(i.HAL_UART_MspInit)
    HardFault_Handler                        0x08001561   Thumb Code     2  stm32f1xx_it.o(i.HardFault_Handler)
    MX_USB_DEVICE_Init                       0x080016e1   Thumb Code    66  usb_device.o(i.MX_USB_DEVICE_Init)
    MemManage_Handler                        0x08001735   Thumb Code     2  stm32f1xx_it.o(i.MemManage_Handler)
    NMI_Handler                              0x08001737   Thumb Code     2  stm32f1xx_it.o(i.NMI_Handler)
    PN532_CallFunction                       0x08001abd   Thumb Code   208  pn532.o(i.PN532_CallFunction)
    PN532_GetFirmwareVersion                 0x08001bf9   Thumb Code    48  pn532.o(i.PN532_GetFirmwareVersion)
    PN532_Init                               0x08001c45   Thumb Code    28  pn532_stm32f1.o(i.PN532_Init)
    PN532_Log                                0x08001c79   Thumb Code    16  pn532_stm32f1.o(i.PN532_Log)
    PN532_MifareClassicAuthenticateBlock     0x08001c8d   Thumb Code    94  pn532.o(i.PN532_MifareClassicAuthenticateBlock)
    PN532_MifareClassicReadBlock             0x08001cf1   Thumb Code    70  pn532.o(i.PN532_MifareClassicReadBlock)
    PN532_ReadData                           0x08001d3d   Thumb Code    62  pn532_stm32f1.o(i.PN532_ReadData)
    PN532_ReadFrame                          0x08001d7d   Thumb Code   164  pn532.o(i.PN532_ReadFrame)
    PN532_ReadPassiveTarget                  0x08001ed5   Thumb Code   112  pn532.o(i.PN532_ReadPassiveTarget)
    PN532_Reset                              0x08001f91   Thumb Code     4  pn532_stm32f1.o(i.PN532_Reset)
    PN532_SamConfiguration                   0x08001f95   Thumb Code    36  pn532.o(i.PN532_SamConfiguration)
    PN532_WaitReady                          0x08001fbd   Thumb Code    60  pn532_stm32f1.o(i.PN532_WaitReady)
    PN532_Wakeup                             0x08001ffd   Thumb Code    40  pn532_stm32f1.o(i.PN532_Wakeup)
    PN532_WriteData                          0x08002025   Thumb Code    56  pn532_stm32f1.o(i.PN532_WriteData)
    PN532_WriteFrame                         0x0800205d   Thumb Code   122  pn532.o(i.PN532_WriteFrame)
    PendSV_Handler                           0x080020d7   Thumb Code     2  stm32f1xx_it.o(i.PendSV_Handler)
    SVC_Handler                              0x0800218f   Thumb Code     2  stm32f1xx_it.o(i.SVC_Handler)
    SysTick_Handler                          0x08002191   Thumb Code     4  stm32f1xx_it.o(i.SysTick_Handler)
    SystemClock_Config                       0x08002195   Thumb Code   104  main.o(i.SystemClock_Config)
    SystemInit                               0x080021fd   Thumb Code    56  system_stm32f1xx.o(i.SystemInit)
    USBD_CDC_GetDeviceQualifierDescriptor    0x08002459   Thumb Code     8  usbd_cdc.o(i.USBD_CDC_GetDeviceQualifierDescriptor)
    USBD_CDC_ReceivePacket                   0x08002511   Thumb Code    40  usbd_cdc.o(i.USBD_CDC_ReceivePacket)
    USBD_CDC_RegisterInterface               0x08002539   Thumb Code    16  usbd_cdc.o(i.USBD_CDC_RegisterInterface)
    USBD_CDC_SetRxBuffer                     0x08002549   Thumb Code    12  usbd_cdc.o(i.USBD_CDC_SetRxBuffer)
    USBD_CDC_SetTxBuffer                     0x08002555   Thumb Code    16  usbd_cdc.o(i.USBD_CDC_SetTxBuffer)
    USBD_CDC_TransmitPacket                  0x080025d5   Thumb Code    48  usbd_cdc.o(i.USBD_CDC_TransmitPacket)
    USBD_ClrClassConfig                      0x08002605   Thumb Code    14  usbd_core.o(i.USBD_ClrClassConfig)
    USBD_CtlContinueRx                       0x08002613   Thumb Code    16  usbd_ioreq.o(i.USBD_CtlContinueRx)
    USBD_CtlContinueSendData                 0x08002623   Thumb Code    16  usbd_ioreq.o(i.USBD_CtlContinueSendData)
    USBD_CtlError                            0x08002633   Thumb Code    22  usbd_ctlreq.o(i.USBD_CtlError)
    USBD_CtlPrepareRx                        0x08002649   Thumb Code    30  usbd_ioreq.o(i.USBD_CtlPrepareRx)
    USBD_CtlReceiveStatus                    0x08002667   Thumb Code    22  usbd_ioreq.o(i.USBD_CtlReceiveStatus)
    USBD_CtlSendData                         0x0800267d   Thumb Code    26  usbd_ioreq.o(i.USBD_CtlSendData)
    USBD_CtlSendStatus                       0x08002697   Thumb Code    22  usbd_ioreq.o(i.USBD_CtlSendStatus)
    USBD_FS_ConfigStrDescriptor              0x080026ad   Thumb Code    16  usbd_desc.o(i.USBD_FS_ConfigStrDescriptor)
    USBD_FS_DeviceDescriptor                 0x080026cd   Thumb Code     8  usbd_desc.o(i.USBD_FS_DeviceDescriptor)
    USBD_FS_InterfaceStrDescriptor           0x080026d9   Thumb Code    16  usbd_desc.o(i.USBD_FS_InterfaceStrDescriptor)
    USBD_FS_LangIDStrDescriptor              0x080026fd   Thumb Code     8  usbd_desc.o(i.USBD_FS_LangIDStrDescriptor)
    USBD_FS_ManufacturerStrDescriptor        0x08002709   Thumb Code    16  usbd_desc.o(i.USBD_FS_ManufacturerStrDescriptor)
    USBD_FS_ProductStrDescriptor             0x08002731   Thumb Code    16  usbd_desc.o(i.USBD_FS_ProductStrDescriptor)
    USBD_FS_SerialStrDescriptor              0x0800275d   Thumb Code    48  usbd_desc.o(i.USBD_FS_SerialStrDescriptor)
    USBD_GetString                           0x08002875   Thumb Code    70  usbd_ctlreq.o(i.USBD_GetString)
    USBD_Init                                0x080028d5   Thumb Code    60  usbd_core.o(i.USBD_Init)
    USBD_LL_ClearStallEP                     0x08002935   Thumb Code    18  usbd_conf.o(i.USBD_LL_ClearStallEP)
    USBD_LL_CloseEP                          0x08002947   Thumb Code    18  usbd_conf.o(i.USBD_LL_CloseEP)
    USBD_LL_DataInStage                      0x08002959   Thumb Code   170  usbd_core.o(i.USBD_LL_DataInStage)
    USBD_LL_DataOutStage                     0x08002a03   Thumb Code   106  usbd_core.o(i.USBD_LL_DataOutStage)
    USBD_LL_GetRxDataSize                    0x08002a6d   Thumb Code     8  usbd_conf.o(i.USBD_LL_GetRxDataSize)
    USBD_LL_Init                             0x08002a75   Thumb Code   118  usbd_conf.o(i.USBD_LL_Init)
    USBD_LL_IsStallEP                        0x08002af5   Thumb Code    28  usbd_conf.o(i.USBD_LL_IsStallEP)
    USBD_LL_OpenEP                           0x08002b11   Thumb Code    24  usbd_conf.o(i.USBD_LL_OpenEP)
    USBD_LL_PrepareReceive                   0x08002b29   Thumb Code    18  usbd_conf.o(i.USBD_LL_PrepareReceive)
    USBD_LL_Reset                            0x08002b3b   Thumb Code    62  usbd_core.o(i.USBD_LL_Reset)
    USBD_LL_Resume                           0x08002b79   Thumb Code    12  usbd_core.o(i.USBD_LL_Resume)
    USBD_LL_SOF                              0x08002b85   Thumb Code    24  usbd_core.o(i.USBD_LL_SOF)
    USBD_LL_SetSpeed                         0x08002b9d   Thumb Code     6  usbd_core.o(i.USBD_LL_SetSpeed)
    USBD_LL_SetUSBAddress                    0x08002ba3   Thumb Code    18  usbd_conf.o(i.USBD_LL_SetUSBAddress)
    USBD_LL_SetupStage                       0x08002bb5   Thumb Code    90  usbd_core.o(i.USBD_LL_SetupStage)
    USBD_LL_StallEP                          0x08002c0f   Thumb Code    18  usbd_conf.o(i.USBD_LL_StallEP)
    USBD_LL_Start                            0x08002c21   Thumb Code    18  usbd_conf.o(i.USBD_LL_Start)
    USBD_LL_Suspend                          0x08002c33   Thumb Code    18  usbd_core.o(i.USBD_LL_Suspend)
    USBD_LL_Transmit                         0x08002c45   Thumb Code    18  usbd_conf.o(i.USBD_LL_Transmit)
    USBD_ParseSetupRequest                   0x08002c57   Thumb Code    40  usbd_ctlreq.o(i.USBD_ParseSetupRequest)
    USBD_RegisterClass                       0x08002c81   Thumb Code    36  usbd_core.o(i.USBD_RegisterClass)
    USBD_SetClassConfig                      0x08002cc9   Thumb Code    22  usbd_core.o(i.USBD_SetClassConfig)
    USBD_Start                               0x08002d55   Thumb Code    10  usbd_core.o(i.USBD_Start)
    USBD_StdDevReq                           0x08002d5f   Thumb Code   242  usbd_ctlreq.o(i.USBD_StdDevReq)
    USBD_StdEPReq                            0x08002e51   Thumb Code   220  usbd_ctlreq.o(i.USBD_StdEPReq)
    USBD_StdItfReq                           0x08002f2d   Thumb Code    52  usbd_ctlreq.o(i.USBD_StdItfReq)
    USBD_static_free                         0x08002f61   Thumb Code     2  usbd_conf.o(i.USBD_static_free)
    USBD_static_malloc                       0x08002f65   Thumb Code     4  usbd_conf.o(i.USBD_static_malloc)
    USB_ActivateEndpoint                     0x08002f6d   Thumb Code   604  stm32f1xx_ll_usb.o(i.USB_ActivateEndpoint)
    USB_CoreInit                             0x080031c9   Thumb Code     4  stm32f1xx_ll_usb.o(i.USB_CoreInit)
    USB_DeactivateEndpoint                   0x080031cd   Thumb Code   292  stm32f1xx_ll_usb.o(i.USB_DeactivateEndpoint)
    USB_DevConnect                           0x080032f1   Thumb Code     4  stm32f1xx_ll_usb.o(i.USB_DevConnect)
    USB_DevDisconnect                        0x080032f5   Thumb Code     4  stm32f1xx_ll_usb.o(i.USB_DevDisconnect)
    USB_DevInit                              0x080032f9   Thumb Code    30  stm32f1xx_ll_usb.o(i.USB_DevInit)
    USB_DisableGlobalInt                     0x08003317   Thumb Code    14  stm32f1xx_ll_usb.o(i.USB_DisableGlobalInt)
    USB_EP0_OutStart                         0x08003325   Thumb Code     4  stm32f1xx_ll_usb.o(i.USB_EP0_OutStart)
    USB_EPClearStall                         0x08003329   Thumb Code   106  stm32f1xx_ll_usb.o(i.USB_EPClearStall)
    USB_EPSetStall                           0x08003393   Thumb Code    74  stm32f1xx_ll_usb.o(i.USB_EPSetStall)
    USB_EPStartXfer                          0x080033dd   Thumb Code   426  stm32f1xx_ll_usb.o(i.USB_EPStartXfer)
    USB_EnableGlobalInt                      0x08003587   Thumb Code    14  stm32f1xx_ll_usb.o(i.USB_EnableGlobalInt)
    USB_LP_CAN1_RX0_IRQHandler               0x08003595   Thumb Code     6  stm32f1xx_it.o(i.USB_LP_CAN1_RX0_IRQHandler)
    USB_ReadInterrupts                       0x080035a1   Thumb Code     6  stm32f1xx_ll_usb.o(i.USB_ReadInterrupts)
    USB_ReadPMA                              0x080035a9   Thumb Code    30  stm32f1xx_ll_usb.o(i.USB_ReadPMA)
    USB_SetCurrentMode                       0x080035c7   Thumb Code     4  stm32f1xx_ll_usb.o(i.USB_SetCurrentMode)
    USB_SetDevAddress                        0x080035cb   Thumb Code    12  stm32f1xx_ll_usb.o(i.USB_SetDevAddress)
    USB_WritePMA                             0x080035d7   Thumb Code    38  stm32f1xx_ll_usb.o(i.USB_WritePMA)
    UsageFault_Handler                       0x080035fd   Thumb Code     2  stm32f1xx_it.o(i.UsageFault_Handler)
    __0printf$8                              0x08003601   Thumb Code    22  printf8.o(i.__0printf$8)
    __1printf$8                              0x08003601   Thumb Code     0  printf8.o(i.__0printf$8)
    __2printf                                0x08003601   Thumb Code     0  printf8.o(i.__0printf$8)
    __scatterload_copy                       0x08003621   Thumb Code    14  handlers.o(i.__scatterload_copy)
    __scatterload_null                       0x0800362f   Thumb Code     2  handlers.o(i.__scatterload_null)
    __scatterload_zeroinit                   0x08003631   Thumb Code    14  handlers.o(i.__scatterload_zeroinit)
    fputc                                    0x08003aa3   Thumb Code    22  main.o(i.fputc)
    free                                     0x08003ab9   Thumb Code    76  malloc.o(i.free)
    led_toogle                               0x08003b09   Thumb Code   110  led.o(i.led_toogle)
    main                                     0x08003b81   Thumb Code   302  main.o(i.main)
    malloc                                   0x08003d3d   Thumb Code    92  malloc.o(i.malloc)
    spi_rw                                   0x08003da9   Thumb Code    20  pn532_stm32f1.o(i.spi_rw)
    PN532_ACK                                0x08003dc0   Data           6  pn532.o(.constdata)
    AHBPrescTable                            0x08003dc6   Data          16  system_stm32f1xx.o(.constdata)
    APBPrescTable                            0x08003dd6   Data           8  system_stm32f1xx.o(.constdata)
    Region$$Table$$Base                      0x08003de0   Number         0  anon$$obj.o(Region$$Table)
    Region$$Table$$Limit                     0x08003e00   Number         0  anon$$obj.o(Region$$Table)
    FS_Desc                                  0x20000000   Data          28  usbd_desc.o(.data)
    USBD_LangIDDesc                          0x2000001c   Data           4  usbd_desc.o(.data)
    USBD_FS_DeviceDesc                       0x20000020   Data          18  usbd_desc.o(.data)
    USBD_StringSerial                        0x20000034   Data          26  usbd_desc.o(.data)
    USBD_Interface_fops_FS                   0x20000050   Data          16  usbd_cdc_if.o(.data)
    uwTickFreq                               0x20000060   Data           1  stm32f1xx_hal.o(.data)
    uwTickPrio                               0x20000064   Data           4  stm32f1xx_hal.o(.data)
    uwTick                                   0x20000068   Data           4  stm32f1xx_hal.o(.data)
    SystemCoreClock                          0x2000006c   Data           4  system_stm32f1xx.o(.data)
    USBD_CDC_CfgHSDesc                       0x20000084   Data          67  usbd_cdc.o(.data)
    USBD_CDC_CfgFSDesc                       0x200000c8   Data          67  usbd_cdc.o(.data)
    USBD_CDC_OtherSpeedCfgDesc               0x2000010c   Data          67  usbd_cdc.o(.data)
    USBD_CDC                                 0x20000150   Data          56  usbd_cdc.o(.data)
    __stdout                                 0x20000188   Data           4  stdout.o(.data)
    __microlib_freelist                      0x2000018c   Data           4  mvars.o(.data)
    __microlib_freelist_initialised          0x20000190   Data           4  mvars.o(.data)
    hspi2                                    0x20000194   Data          88  main.o(.bss)
    huart4                                   0x200001ec   Data          64  main.o(.bss)
    pn532                                    0x2000022c   Data          24  main.o(.bss)
    hUsbDeviceFS                             0x20000244   Data         548  usb_device.o(.bss)
    hpcd_USB_FS                              0x20000688   Data        1120  usbd_conf.o(.bss)
    USBD_StrDesc                             0x20000ae8   Data         512  usbd_desc.o(.bss)
    UserRxBufferFS                           0x20000ce8   Data          64  usbd_cdc_if.o(.bss)
    UserTxBufferFS                           0x20000d28   Data          64  usbd_cdc_if.o(.bss)
    __heap_base                              0x20000d68   Data           0  startup_stm32f103xe.o(HEAP)
    __heap_limit                             0x20000f68   Data           0  startup_stm32f103xe.o(HEAP)
    __initial_sp                             0x20001368   Data           0  startup_stm32f103xe.o(STACK)



==============================================================================

Memory Map of the image

  Image Entry point : 0x08000131

  Load Region LR_IROM1 (Base: 0x08000000, Size: 0x00003f94, Max: 0x00080000, ABSOLUTE, COMPRESSED[0x00003ec8])

    Execution Region ER_IROM1 (Exec base: 0x08000000, Load base: 0x08000000, Size: 0x00003e00, Max: 0x00080000, ABSOLUTE)

    Exec Addr    Load Addr    Size         Type   Attr      Idx    E Section Name        Object

    0x08000000   0x08000000   0x00000130   Data   RO            3    RESET               startup_stm32f103xe.o
    0x08000130   0x08000130   0x00000000   Code   RO         3396  * .ARM.Collect$$$$00000000  mc_w.l(entry.o)
    0x08000130   0x08000130   0x00000004   Code   RO         3696    .ARM.Collect$$$$00000001  mc_w.l(entry2.o)
    0x08000134   0x08000134   0x00000004   Code   RO         3699    .ARM.Collect$$$$00000004  mc_w.l(entry5.o)
    0x08000138   0x08000138   0x00000000   Code   RO         3701    .ARM.Collect$$$$00000008  mc_w.l(entry7b.o)
    0x08000138   0x08000138   0x00000000   Code   RO         3703    .ARM.Collect$$$$0000000A  mc_w.l(entry8b.o)
    0x08000138   0x08000138   0x00000008   Code   RO         3704    .ARM.Collect$$$$0000000B  mc_w.l(entry9a.o)
    0x08000140   0x08000140   0x00000000   Code   RO         3706    .ARM.Collect$$$$0000000D  mc_w.l(entry10a.o)
    0x08000140   0x08000140   0x00000000   Code   RO         3708    .ARM.Collect$$$$0000000F  mc_w.l(entry11a.o)
    0x08000140   0x08000140   0x00000004   Code   RO         3697    .ARM.Collect$$$$00002712  mc_w.l(entry2.o)
    0x08000144   0x08000144   0x00000024   Code   RO            4    .text               startup_stm32f103xe.o
    0x08000168   0x08000168   0x00000020   Code   RO         3399    .text               mc_w.l(llushr.o)
    0x08000188   0x08000188   0x00000024   Code   RO         3401    .text               mc_w.l(memcpya.o)
    0x080001ac   0x080001ac   0x00000024   Code   RO         3403    .text               mc_w.l(memseta.o)
    0x080001d0   0x080001d0   0x00000062   Code   RO         3713    .text               mc_w.l(uldiv.o)
    0x08000232   0x08000232   0x00000002   PAD
    0x08000234   0x08000234   0x00000024   Code   RO         3728    .text               mc_w.l(init.o)
    0x08000258   0x08000258   0x0000001e   Code   RO         3730    .text               mc_w.l(llshl.o)
    0x08000276   0x08000276   0x00000056   Code   RO         3744    .text               mc_w.l(__dczerorl2.o)
    0x080002cc   0x080002cc   0x00000002   Code   RO          783    i.BusFault_Handler  stm32f1xx_it.o
    0x080002ce   0x080002ce   0x00000004   Code   RO          731    i.CDC_Control_FS    usbd_cdc_if.o
    0x080002d2   0x080002d2   0x00000004   Code   RO          732    i.CDC_DeInit_FS     usbd_cdc_if.o
    0x080002d6   0x080002d6   0x00000002   PAD
    0x080002d8   0x080002d8   0x00000024   Code   RO          733    i.CDC_Init_FS       usbd_cdc_if.o
    0x080002fc   0x080002fc   0x00000018   Code   RO          734    i.CDC_Receive_FS    usbd_cdc_if.o
    0x08000314   0x08000314   0x0000002c   Code   RO          735    i.CDC_Transmit_FS   usbd_cdc_if.o
    0x08000340   0x08000340   0x00000002   Code   RO          784    i.DebugMon_Handler  stm32f1xx_it.o
    0x08000342   0x08000342   0x00000006   Code   RO          785    i.EXTI2_IRQHandler  stm32f1xx_it.o
    0x08000348   0x08000348   0x00000002   Code   RO          322    i.Error_Handler     main.o
    0x0800034a   0x0800034a   0x00000002   PAD
    0x0800034c   0x0800034c   0x00000024   Code   RO         2108    i.HAL_Delay         stm32f1xx_hal.o
    0x08000370   0x08000370   0x0000000e   Code   RO          323    i.HAL_GPIO_EXTI_Callback  main.o
    0x0800037e   0x0800037e   0x00000002   PAD
    0x08000380   0x08000380   0x00000018   Code   RO         2403    i.HAL_GPIO_EXTI_IRQHandler  stm32f1xx_hal_gpio.o
    0x08000398   0x08000398   0x000001e8   Code   RO         2404    i.HAL_GPIO_Init     stm32f1xx_hal_gpio.o
    0x08000580   0x08000580   0x00000008   Code   RO         2407    i.HAL_GPIO_TogglePin  stm32f1xx_hal_gpio.o
    0x08000588   0x08000588   0x0000000a   Code   RO         2408    i.HAL_GPIO_WritePin  stm32f1xx_hal_gpio.o
    0x08000592   0x08000592   0x00000002   PAD
    0x08000594   0x08000594   0x0000000c   Code   RO         2112    i.HAL_GetTick       stm32f1xx_hal.o
    0x080005a0   0x080005a0   0x00000010   Code   RO         2116    i.HAL_IncTick       stm32f1xx_hal.o
    0x080005b0   0x080005b0   0x00000024   Code   RO         2117    i.HAL_Init          stm32f1xx_hal.o
    0x080005d4   0x080005d4   0x00000040   Code   RO         2118    i.HAL_InitTick      stm32f1xx_hal.o
    0x08000614   0x08000614   0x0000003c   Code   RO          871    i.HAL_MspInit       stm32f1xx_hal_msp.o
    0x08000650   0x08000650   0x00000016   Code   RO         2564    i.HAL_NVIC_EnableIRQ  stm32f1xx_hal_cortex.o
    0x08000666   0x08000666   0x00000002   PAD
    0x08000668   0x08000668   0x00000040   Code   RO         2570    i.HAL_NVIC_SetPriority  stm32f1xx_hal_cortex.o
    0x080006a8   0x080006a8   0x00000024   Code   RO         2571    i.HAL_NVIC_SetPriorityGrouping  stm32f1xx_hal_cortex.o
    0x080006cc   0x080006cc   0x00000034   Code   RO         1170    i.HAL_PCDEx_PMAConfig  stm32f1xx_hal_pcd_ex.o
    0x08000700   0x08000700   0x00000002   Code   RO          446    i.HAL_PCDEx_SetConnectionState  usbd_conf.o
    0x08000702   0x08000702   0x0000000e   Code   RO          448    i.HAL_PCD_DataInStageCallback  usbd_conf.o
    0x08000710   0x08000710   0x00000010   Code   RO          449    i.HAL_PCD_DataOutStageCallback  usbd_conf.o
    0x08000720   0x08000720   0x00000040   Code   RO          964    i.HAL_PCD_EP_Close  stm32f1xx_hal_pcd.o
    0x08000760   0x08000760   0x00000048   Code   RO          965    i.HAL_PCD_EP_ClrStall  stm32f1xx_hal_pcd.o
    0x080007a8   0x080007a8   0x00000010   Code   RO          967    i.HAL_PCD_EP_GetRxCount  stm32f1xx_hal_pcd.o
    0x080007b8   0x080007b8   0x00000044   Code   RO          968    i.HAL_PCD_EP_Open   stm32f1xx_hal_pcd.o
    0x080007fc   0x080007fc   0x0000002e   Code   RO          969    i.HAL_PCD_EP_Receive  stm32f1xx_hal_pcd.o
    0x0800082a   0x0800082a   0x00000056   Code   RO          970    i.HAL_PCD_EP_SetStall  stm32f1xx_hal_pcd.o
    0x08000880   0x08000880   0x0000002a   Code   RO          971    i.HAL_PCD_EP_Transmit  stm32f1xx_hal_pcd.o
    0x080008aa   0x080008aa   0x0000010c   Code   RO          973    i.HAL_PCD_IRQHandler  stm32f1xx_hal_pcd.o
    0x080009b6   0x080009b6   0x00000002   PAD
    0x080009b8   0x080009b8   0x000000c0   Code   RO          976    i.HAL_PCD_Init      stm32f1xx_hal_pcd.o
    0x08000a78   0x08000a78   0x0000003c   Code   RO          454    i.HAL_PCD_MspInit   usbd_conf.o
    0x08000ab4   0x08000ab4   0x00000026   Code   RO          455    i.HAL_PCD_ResetCallback  usbd_conf.o
    0x08000ada   0x08000ada   0x00000008   Code   RO          456    i.HAL_PCD_ResumeCallback  usbd_conf.o
    0x08000ae2   0x08000ae2   0x00000008   Code   RO          457    i.HAL_PCD_SOFCallback  usbd_conf.o
    0x08000aea   0x08000aea   0x00000028   Code   RO          982    i.HAL_PCD_SetAddress  stm32f1xx_hal_pcd.o
    0x08000b12   0x08000b12   0x0000000e   Code   RO          458    i.HAL_PCD_SetupStageCallback  usbd_conf.o
    0x08000b20   0x08000b20   0x00000032   Code   RO          984    i.HAL_PCD_Start     stm32f1xx_hal_pcd.o
    0x08000b52   0x08000b52   0x00000002   PAD
    0x08000b54   0x08000b54   0x00000024   Code   RO          459    i.HAL_PCD_SuspendCallback  usbd_conf.o
    0x08000b78   0x08000b78   0x000000ec   Code   RO         2367    i.HAL_RCCEx_PeriphCLKConfig  stm32f1xx_hal_rcc_ex.o
    0x08000c64   0x08000c64   0x0000016c   Code   RO         2264    i.HAL_RCC_ClockConfig  stm32f1xx_hal_rcc.o
    0x08000dd0   0x08000dd0   0x0000000c   Code   RO         2267    i.HAL_RCC_EnableCSS  stm32f1xx_hal_rcc.o
    0x08000ddc   0x08000ddc   0x00000020   Code   RO         2271    i.HAL_RCC_GetPCLK1Freq  stm32f1xx_hal_rcc.o
    0x08000dfc   0x08000dfc   0x00000020   Code   RO         2272    i.HAL_RCC_GetPCLK2Freq  stm32f1xx_hal_rcc.o
    0x08000e1c   0x08000e1c   0x00000074   Code   RO         2273    i.HAL_RCC_GetSysClockFreq  stm32f1xx_hal_rcc.o
    0x08000e90   0x08000e90   0x00000304   Code   RO         2276    i.HAL_RCC_OscConfig  stm32f1xx_hal_rcc.o
    0x08001194   0x08001194   0x00000082   Code   RO         1715    i.HAL_SPI_Init      stm32f1xx_hal_spi_ex.o
    0x08001216   0x08001216   0x00000002   PAD
    0x08001218   0x08001218   0x00000074   Code   RO          873    i.HAL_SPI_MspInit   stm32f1xx_hal_msp.o
    0x0800128c   0x0800128c   0x000001d8   Code   RO         1412    i.HAL_SPI_TransmitReceive  stm32f1xx_hal_spi.o
    0x08001464   0x08001464   0x00000028   Code   RO         2575    i.HAL_SYSTICK_Config  stm32f1xx_hal_cortex.o
    0x0800148c   0x0800148c   0x00000062   Code   RO         1800    i.HAL_UART_Init     stm32f1xx_hal_uart.o
    0x080014ee   0x080014ee   0x00000002   PAD
    0x080014f0   0x080014f0   0x00000070   Code   RO          875    i.HAL_UART_MspInit  stm32f1xx_hal_msp.o
    0x08001560   0x08001560   0x00000002   Code   RO          786    i.HardFault_Handler  stm32f1xx_it.o
    0x08001562   0x08001562   0x00000002   PAD
    0x08001564   0x08001564   0x00000038   Code   RO          658    i.IntToUnicode      usbd_desc.o
    0x0800159c   0x0800159c   0x0000010c   Code   RO          324    i.MX_GPIO_Init      main.o
    0x080016a8   0x080016a8   0x00000038   Code   RO          325    i.MX_SPI2_Init      main.o
    0x080016e0   0x080016e0   0x00000054   Code   RO          415    i.MX_USB_DEVICE_Init  usb_device.o
    0x08001734   0x08001734   0x00000002   Code   RO          787    i.MemManage_Handler  stm32f1xx_it.o
    0x08001736   0x08001736   0x00000002   Code   RO          788    i.NMI_Handler       stm32f1xx_it.o
    0x08001738   0x08001738   0x00000020   Code   RO         2577    i.NVIC_SetPriority  stm32f1xx_hal_cortex.o
    0x08001758   0x08001758   0x00000362   Code   RO          987    i.PCD_EP_ISR_Handler  stm32f1xx_hal_pcd.o
    0x08001aba   0x08001aba   0x00000002   PAD
    0x08001abc   0x08001abc   0x0000013c   Code   RO           13    i.PN532_CallFunction  pn532.o
    0x08001bf8   0x08001bf8   0x0000004c   Code   RO           14    i.PN532_GetFirmwareVersion  pn532.o
    0x08001c44   0x08001c44   0x00000034   Code   RO          214    i.PN532_Init        pn532_stm32f1.o
    0x08001c78   0x08001c78   0x00000014   Code   RO          215    i.PN532_Log         pn532_stm32f1.o
    0x08001c8c   0x08001c8c   0x00000064   Code   RO           15    i.PN532_MifareClassicAuthenticateBlock  pn532.o
    0x08001cf0   0x08001cf0   0x0000004c   Code   RO           16    i.PN532_MifareClassicReadBlock  pn532.o
    0x08001d3c   0x08001d3c   0x0000003e   Code   RO          216    i.PN532_ReadData    pn532_stm32f1.o
    0x08001d7a   0x08001d7a   0x00000002   PAD
    0x08001d7c   0x08001d7c   0x00000158   Code   RO           18    i.PN532_ReadFrame   pn532.o
    0x08001ed4   0x08001ed4   0x000000bc   Code   RO           22    i.PN532_ReadPassiveTarget  pn532.o
    0x08001f90   0x08001f90   0x00000004   Code   RO          217    i.PN532_Reset       pn532_stm32f1.o
    0x08001f94   0x08001f94   0x00000028   Code   RO           23    i.PN532_SamConfiguration  pn532.o
    0x08001fbc   0x08001fbc   0x00000040   Code   RO          218    i.PN532_WaitReady   pn532_stm32f1.o
    0x08001ffc   0x08001ffc   0x00000028   Code   RO          219    i.PN532_Wakeup      pn532_stm32f1.o
    0x08002024   0x08002024   0x00000038   Code   RO          220    i.PN532_WriteData   pn532_stm32f1.o
    0x0800205c   0x0800205c   0x0000007a   Code   RO           24    i.PN532_WriteFrame  pn532.o
    0x080020d6   0x080020d6   0x00000002   Code   RO          789    i.PendSV_Handler    stm32f1xx_it.o
    0x080020d8   0x080020d8   0x00000020   Code   RO         1427    i.SPI_CheckFlag_BSY  stm32f1xx_hal_spi.o
    0x080020f8   0x080020f8   0x00000096   Code   RO         1446    i.SPI_WaitFlagStateUntilTimeout  stm32f1xx_hal_spi.o
    0x0800218e   0x0800218e   0x00000002   Code   RO          790    i.SVC_Handler       stm32f1xx_it.o
    0x08002190   0x08002190   0x00000004   Code   RO          791    i.SysTick_Handler   stm32f1xx_it.o
    0x08002194   0x08002194   0x00000068   Code   RO          326    i.SystemClock_Config  main.o
    0x080021fc   0x080021fc   0x00000048   Code   RO         2993    i.SystemInit        system_stm32f1xx.o
    0x08002244   0x08002244   0x00000170   Code   RO         1826    i.UART_SetConfig    stm32f1xx_hal_uart.o
    0x080023b4   0x080023b4   0x00000014   Code   RO         3293    i.USBD_CDC_DataIn   usbd_cdc.o
    0x080023c8   0x080023c8   0x0000002e   Code   RO         3294    i.USBD_CDC_DataOut  usbd_cdc.o
    0x080023f6   0x080023f6   0x0000003c   Code   RO         3295    i.USBD_CDC_DeInit   usbd_cdc.o
    0x08002432   0x08002432   0x00000024   Code   RO         3296    i.USBD_CDC_EP0_RxReady  usbd_cdc.o
    0x08002456   0x08002456   0x00000002   PAD
    0x08002458   0x08002458   0x0000000c   Code   RO         3297    i.USBD_CDC_GetDeviceQualifierDescriptor  usbd_cdc.o
    0x08002464   0x08002464   0x0000000c   Code   RO         3298    i.USBD_CDC_GetFSCfgDesc  usbd_cdc.o
    0x08002470   0x08002470   0x0000000c   Code   RO         3299    i.USBD_CDC_GetHSCfgDesc  usbd_cdc.o
    0x0800247c   0x0800247c   0x0000000c   Code   RO         3300    i.USBD_CDC_GetOtherSpeedCfgDesc  usbd_cdc.o
    0x08002488   0x08002488   0x00000088   Code   RO         3301    i.USBD_CDC_Init     usbd_cdc.o
    0x08002510   0x08002510   0x00000028   Code   RO         3302    i.USBD_CDC_ReceivePacket  usbd_cdc.o
    0x08002538   0x08002538   0x00000010   Code   RO         3303    i.USBD_CDC_RegisterInterface  usbd_cdc.o
    0x08002548   0x08002548   0x0000000c   Code   RO         3304    i.USBD_CDC_SetRxBuffer  usbd_cdc.o
    0x08002554   0x08002554   0x00000010   Code   RO         3305    i.USBD_CDC_SetTxBuffer  usbd_cdc.o
    0x08002564   0x08002564   0x00000070   Code   RO         3306    i.USBD_CDC_Setup    usbd_cdc.o
    0x080025d4   0x080025d4   0x00000030   Code   RO         3307    i.USBD_CDC_TransmitPacket  usbd_cdc.o
    0x08002604   0x08002604   0x0000000e   Code   RO         3030    i.USBD_ClrClassConfig  usbd_core.o
    0x08002612   0x08002612   0x00000010   Code   RO         3233    i.USBD_CtlContinueRx  usbd_ioreq.o
    0x08002622   0x08002622   0x00000010   Code   RO         3234    i.USBD_CtlContinueSendData  usbd_ioreq.o
    0x08002632   0x08002632   0x00000016   Code   RO         3168    i.USBD_CtlError     usbd_ctlreq.o
    0x08002648   0x08002648   0x0000001e   Code   RO         3235    i.USBD_CtlPrepareRx  usbd_ioreq.o
    0x08002666   0x08002666   0x00000016   Code   RO         3236    i.USBD_CtlReceiveStatus  usbd_ioreq.o
    0x0800267c   0x0800267c   0x0000001a   Code   RO         3237    i.USBD_CtlSendData  usbd_ioreq.o
    0x08002696   0x08002696   0x00000016   Code   RO         3238    i.USBD_CtlSendStatus  usbd_ioreq.o
    0x080026ac   0x080026ac   0x00000020   Code   RO          659    i.USBD_FS_ConfigStrDescriptor  usbd_desc.o
    0x080026cc   0x080026cc   0x0000000c   Code   RO          660    i.USBD_FS_DeviceDescriptor  usbd_desc.o
    0x080026d8   0x080026d8   0x00000024   Code   RO          661    i.USBD_FS_InterfaceStrDescriptor  usbd_desc.o
    0x080026fc   0x080026fc   0x0000000c   Code   RO          662    i.USBD_FS_LangIDStrDescriptor  usbd_desc.o
    0x08002708   0x08002708   0x00000028   Code   RO          663    i.USBD_FS_ManufacturerStrDescriptor  usbd_desc.o
    0x08002730   0x08002730   0x0000002c   Code   RO          664    i.USBD_FS_ProductStrDescriptor  usbd_desc.o
    0x0800275c   0x0800275c   0x00000038   Code   RO          665    i.USBD_FS_SerialStrDescriptor  usbd_desc.o
    0x08002794   0x08002794   0x000000e0   Code   RO         3169    i.USBD_GetDescriptor  usbd_ctlreq.o
    0x08002874   0x08002874   0x00000046   Code   RO         3170    i.USBD_GetString    usbd_ctlreq.o
    0x080028ba   0x080028ba   0x00000018   Code   RO          460    i.USBD_Get_USB_Status  usbd_conf.o
    0x080028d2   0x080028d2   0x00000002   PAD
    0x080028d4   0x080028d4   0x00000060   Code   RO         3032    i.USBD_Init         usbd_core.o
    0x08002934   0x08002934   0x00000012   Code   RO          461    i.USBD_LL_ClearStallEP  usbd_conf.o
    0x08002946   0x08002946   0x00000012   Code   RO          462    i.USBD_LL_CloseEP   usbd_conf.o
    0x08002958   0x08002958   0x000000aa   Code   RO         3033    i.USBD_LL_DataInStage  usbd_core.o
    0x08002a02   0x08002a02   0x0000006a   Code   RO         3034    i.USBD_LL_DataOutStage  usbd_core.o
    0x08002a6c   0x08002a6c   0x00000008   Code   RO          466    i.USBD_LL_GetRxDataSize  usbd_conf.o
    0x08002a74   0x08002a74   0x00000080   Code   RO          467    i.USBD_LL_Init      usbd_conf.o
    0x08002af4   0x08002af4   0x0000001c   Code   RO          468    i.USBD_LL_IsStallEP  usbd_conf.o
    0x08002b10   0x08002b10   0x00000018   Code   RO          469    i.USBD_LL_OpenEP    usbd_conf.o
    0x08002b28   0x08002b28   0x00000012   Code   RO          470    i.USBD_LL_PrepareReceive  usbd_conf.o
    0x08002b3a   0x08002b3a   0x0000003e   Code   RO         3039    i.USBD_LL_Reset     usbd_core.o
    0x08002b78   0x08002b78   0x0000000c   Code   RO         3040    i.USBD_LL_Resume    usbd_core.o
    0x08002b84   0x08002b84   0x00000018   Code   RO         3041    i.USBD_LL_SOF       usbd_core.o
    0x08002b9c   0x08002b9c   0x00000006   Code   RO         3042    i.USBD_LL_SetSpeed  usbd_core.o
    0x08002ba2   0x08002ba2   0x00000012   Code   RO          471    i.USBD_LL_SetUSBAddress  usbd_conf.o
    0x08002bb4   0x08002bb4   0x0000005a   Code   RO         3043    i.USBD_LL_SetupStage  usbd_core.o
    0x08002c0e   0x08002c0e   0x00000012   Code   RO          472    i.USBD_LL_StallEP   usbd_conf.o
    0x08002c20   0x08002c20   0x00000012   Code   RO          473    i.USBD_LL_Start     usbd_conf.o
    0x08002c32   0x08002c32   0x00000012   Code   RO         3044    i.USBD_LL_Suspend   usbd_core.o
    0x08002c44   0x08002c44   0x00000012   Code   RO          475    i.USBD_LL_Transmit  usbd_conf.o
    0x08002c56   0x08002c56   0x00000028   Code   RO         3171    i.USBD_ParseSetupRequest  usbd_ctlreq.o
    0x08002c7e   0x08002c7e   0x00000002   PAD
    0x08002c80   0x08002c80   0x00000048   Code   RO         3045    i.USBD_RegisterClass  usbd_core.o
    0x08002cc8   0x08002cc8   0x00000016   Code   RO         3047    i.USBD_SetClassConfig  usbd_core.o
    0x08002cde   0x08002cde   0x00000002   PAD
    0x08002ce0   0x08002ce0   0x00000074   Code   RO         3172    i.USBD_SetConfig    usbd_ctlreq.o
    0x08002d54   0x08002d54   0x0000000a   Code   RO         3048    i.USBD_Start        usbd_core.o
    0x08002d5e   0x08002d5e   0x000000f2   Code   RO         3173    i.USBD_StdDevReq    usbd_ctlreq.o
    0x08002e50   0x08002e50   0x000000dc   Code   RO         3174    i.USBD_StdEPReq     usbd_ctlreq.o
    0x08002f2c   0x08002f2c   0x00000034   Code   RO         3175    i.USBD_StdItfReq    usbd_ctlreq.o
    0x08002f60   0x08002f60   0x00000002   Code   RO          476    i.USBD_static_free  usbd_conf.o
    0x08002f62   0x08002f62   0x00000002   PAD
    0x08002f64   0x08002f64   0x00000008   Code   RO          477    i.USBD_static_malloc  usbd_conf.o
    0x08002f6c   0x08002f6c   0x0000025c   Code   RO         1200    i.USB_ActivateEndpoint  stm32f1xx_ll_usb.o
    0x080031c8   0x080031c8   0x00000004   Code   RO         1203    i.USB_CoreInit      stm32f1xx_ll_usb.o
    0x080031cc   0x080031cc   0x00000124   Code   RO         1205    i.USB_DeactivateEndpoint  stm32f1xx_ll_usb.o
    0x080032f0   0x080032f0   0x00000004   Code   RO         1206    i.USB_DevConnect    stm32f1xx_ll_usb.o
    0x080032f4   0x080032f4   0x00000004   Code   RO         1207    i.USB_DevDisconnect  stm32f1xx_ll_usb.o
    0x080032f8   0x080032f8   0x0000001e   Code   RO         1208    i.USB_DevInit       stm32f1xx_ll_usb.o
    0x08003316   0x08003316   0x0000000e   Code   RO         1209    i.USB_DisableGlobalInt  stm32f1xx_ll_usb.o
    0x08003324   0x08003324   0x00000004   Code   RO         1210    i.USB_EP0_OutStart  stm32f1xx_ll_usb.o
    0x08003328   0x08003328   0x0000006a   Code   RO         1211    i.USB_EPClearStall  stm32f1xx_ll_usb.o
    0x08003392   0x08003392   0x0000004a   Code   RO         1212    i.USB_EPSetStall    stm32f1xx_ll_usb.o
    0x080033dc   0x080033dc   0x000001aa   Code   RO         1213    i.USB_EPStartXfer   stm32f1xx_ll_usb.o
    0x08003586   0x08003586   0x0000000e   Code   RO         1214    i.USB_EnableGlobalInt  stm32f1xx_ll_usb.o
    0x08003594   0x08003594   0x0000000c   Code   RO          792    i.USB_LP_CAN1_RX0_IRQHandler  stm32f1xx_it.o
    0x080035a0   0x080035a0   0x00000006   Code   RO         1221    i.USB_ReadInterrupts  stm32f1xx_ll_usb.o
    0x080035a6   0x080035a6   0x00000002   PAD
    0x080035a8   0x080035a8   0x0000001e   Code   RO         1222    i.USB_ReadPMA       stm32f1xx_ll_usb.o
    0x080035c6   0x080035c6   0x00000004   Code   RO         1224    i.USB_SetCurrentMode  stm32f1xx_ll_usb.o
    0x080035ca   0x080035ca   0x0000000c   Code   RO         1225    i.USB_SetDevAddress  stm32f1xx_ll_usb.o
    0x080035d6   0x080035d6   0x00000026   Code   RO         1227    i.USB_WritePMA      stm32f1xx_ll_usb.o
    0x080035fc   0x080035fc   0x00000002   Code   RO          793    i.UsageFault_Handler  stm32f1xx_it.o
    0x080035fe   0x080035fe   0x00000002   PAD
    0x08003600   0x08003600   0x00000020   Code   RO         3614    i.__0printf$8       mc_w.l(printf8.o)
    0x08003620   0x08003620   0x0000000e   Code   RO         3738    i.__scatterload_copy  mc_w.l(handlers.o)
    0x0800362e   0x0800362e   0x00000002   Code   RO         3739    i.__scatterload_null  mc_w.l(handlers.o)
    0x08003630   0x08003630   0x0000000e   Code   RO         3740    i.__scatterload_zeroinit  mc_w.l(handlers.o)
    0x0800363e   0x0800363e   0x00000002   PAD
    0x08003640   0x08003640   0x00000410   Code   RO         3621    i._printf_core      mc_w.l(printf8.o)
    0x08003a50   0x08003a50   0x00000024   Code   RO         3622    i._printf_post_padding  mc_w.l(printf8.o)
    0x08003a74   0x08003a74   0x0000002e   Code   RO         3623    i._printf_pre_padding  mc_w.l(printf8.o)
    0x08003aa2   0x08003aa2   0x00000016   Code   RO          327    i.fputc             main.o
    0x08003ab8   0x08003ab8   0x00000050   Code   RO         3668    i.free              mc_w.l(malloc.o)
    0x08003b08   0x08003b08   0x00000078   Code   RO          290    i.led_toogle        led.o
    0x08003b80   0x08003b80   0x000001bc   Code   RO          328    i.main              main.o
    0x08003d3c   0x08003d3c   0x0000006c   Code   RO         3669    i.malloc            mc_w.l(malloc.o)
    0x08003da8   0x08003da8   0x00000018   Code   RO          222    i.spi_rw            pn532_stm32f1.o
    0x08003dc0   0x08003dc0   0x00000006   Data   RO           27    .constdata          pn532.o
    0x08003dc6   0x08003dc6   0x00000010   Data   RO         2994    .constdata          system_stm32f1xx.o
    0x08003dd6   0x08003dd6   0x00000008   Data   RO         2995    .constdata          system_stm32f1xx.o
    0x08003dde   0x08003dde   0x00000002   PAD
    0x08003de0   0x08003de0   0x00000020   Data   RO         3736    Region$$Table       anon$$obj.o


    Execution Region RW_IRAM1 (Exec base: 0x20000000, Load base: 0x08003e00, Size: 0x00001368, Max: 0x00010000, ABSOLUTE, COMPRESSED[0x000000c8])

    Exec Addr    Load Addr    Size         Type   Attr      Idx    E Section Name        Object

    0x20000000   COMPRESSED   0x0000001c   Data   RW          667    .data               usbd_desc.o
    0x2000001c   COMPRESSED   0x00000032   Data   RW          668    .data               usbd_desc.o
    0x2000004e   COMPRESSED   0x00000002   PAD
    0x20000050   COMPRESSED   0x00000010   Data   RW          737    .data               usbd_cdc_if.o
    0x20000060   COMPRESSED   0x0000000c   Data   RW         2124    .data               stm32f1xx_hal.o
    0x2000006c   COMPRESSED   0x00000004   Data   RW         2996    .data               system_stm32f1xx.o
    0x20000070   COMPRESSED   0x00000001   Data   RW         3176    .data               usbd_ctlreq.o
    0x20000071   COMPRESSED   0x00000003   PAD
    0x20000074   COMPRESSED   0x000000db   Data   RW         3308    .data               usbd_cdc.o
    0x2000014f   COMPRESSED   0x00000001   PAD
    0x20000150   COMPRESSED   0x00000038   Data   RW         3309    .data               usbd_cdc.o
    0x20000188   COMPRESSED   0x00000004   Data   RW         3710    .data               mc_w.l(stdout.o)
    0x2000018c   COMPRESSED   0x00000004   Data   RW         3715    .data               mc_w.l(mvars.o)
    0x20000190   COMPRESSED   0x00000004   Data   RW         3716    .data               mc_w.l(mvars.o)
    0x20000194        -       0x000000b0   Zero   RW          329    .bss                main.o
    0x20000244        -       0x00000224   Zero   RW          416    .bss                usb_device.o
    0x20000468        -       0x00000680   Zero   RW          478    .bss                usbd_conf.o
    0x20000ae8        -       0x00000200   Zero   RW          666    .bss                usbd_desc.o
    0x20000ce8        -       0x00000080   Zero   RW          736    .bss                usbd_cdc_if.o
    0x20000d68        -       0x00000200   Zero   RW            2    HEAP                startup_stm32f103xe.o
    0x20000f68        -       0x00000400   Zero   RW            1    STACK               startup_stm32f103xe.o


==============================================================================

Image component sizes


      Code (inc. data)   RO Data    RW Data    ZI Data      Debug   Object Name

       120         18          0          0          0        553   led.o
       910        174          0          0        176      10585   main.o
      1262        408          6          0          0     479389   pn532.o
       322         36          0          0          0       4690   pn532_stm32f1.o
        36          8        304          0       1536        768   startup_stm32f103xe.o
       164         28          0         12          0       6245   stm32f1xx_hal.o
       194         14          0          0          0      25555   stm32f1xx_hal_cortex.o
       530         48          0          0          0       3892   stm32f1xx_hal_gpio.o
       288         34          0          0          0       2079   stm32f1xx_hal_msp.o
      1810          0          0          0          0       9605   stm32f1xx_hal_pcd.o
        52          0          0          0          0       1110   stm32f1xx_hal_pcd_ex.o
      1328        104          0          0          0       5524   stm32f1xx_hal_rcc.o
       236         12          0          0          0       1320   stm32f1xx_hal_rcc_ex.o
       654          0          0          0          0       3486   stm32f1xx_hal_spi.o
       130          0          0          0          0        999   stm32f1xx_hal_spi_ex.o
       466          4          0          0          0       1804   stm32f1xx_hal_uart.o
        38          6          0          0          0       4294   stm32f1xx_it.o
      1666          0          0          0          0      12039   stm32f1xx_ll_usb.o
        72         16         24          4          0       1055   system_stm32f1xx.o
        84         18          0          0        548        688   usb_device.o
       590         22          0        275          0      12062   usbd_cdc.o
       112         20          0         16        128       2952   usbd_cdc_if.o
       544         30          0          0       1664      12621   usbd_conf.o
       702         72          0          0          0       8740   usbd_core.o
       986         30          0          1          0       7444   usbd_ctlreq.o
       288        104          0         78        512       5321   usbd_desc.o
       132          0          0          0          0       4092   usbd_ioreq.o

    ----------------------------------------------------------------------
     13754       1206        368        392       4564     628912   Object Totals
         0          0         32          0          0          0   (incl. Generated)
        38          0          2          6          0          0   (incl. Padding)

    ----------------------------------------------------------------------

      Code (inc. data)   RO Data    RW Data    ZI Data      Debug   Library Member Name

        86          0          0          0          0          0   __dczerorl2.o
         0          0          0          0          0          0   entry.o
         0          0          0          0          0          0   entry10a.o
         0          0          0          0          0          0   entry11a.o
         8          4          0          0          0          0   entry2.o
         4          0          0          0          0          0   entry5.o
         0          0          0          0          0          0   entry7b.o
         0          0          0          0          0          0   entry8b.o
         8          4          0          0          0          0   entry9a.o
        30          0          0          0          0          0   handlers.o
        36          8          0          0          0         68   init.o
        30          0          0          0          0         68   llshl.o
        32          0          0          0          0         68   llushr.o
       188         20          0          0          0        160   malloc.o
        36          0          0          0          0         68   memcpya.o
        36          0          0          0          0        108   memseta.o
         0          0          0          8          0          0   mvars.o
      1154         54          0          0          0        352   printf8.o
         0          0          0          4          0          0   stdout.o
        98          0          0          0          0         92   uldiv.o

    ----------------------------------------------------------------------
      1750         90          0         12          0        984   Library Totals
         4          0          0          0          0          0   (incl. Padding)

    ----------------------------------------------------------------------

      Code (inc. data)   RO Data    RW Data    ZI Data      Debug   Library Name

      1746         90          0         12          0        984   mc_w.l

    ----------------------------------------------------------------------
      1750         90          0         12          0        984   Library Totals

    ----------------------------------------------------------------------

==============================================================================


      Code (inc. data)   RO Data    RW Data    ZI Data      Debug   

     15504       1296        368        404       4564     620820   Grand Totals
     15504       1296        368        200       4564     620820   ELF Image Totals (compressed)
     15504       1296        368        200          0          0   ROM Totals

==============================================================================

    Total RO  Size (Code + RO Data)                15872 (  15.50kB)
    Total RW  Size (RW Data + ZI Data)              4968 (   4.85kB)
    Total ROM Size (Code + RO Data + RW Data)      16072 (  15.70kB)

==============================================================================

